#
# A fatal error has been detected by the Java Runtime Environment:
#
#  EXCEPTION_ACCESS_VIOLATION (0xc0000005) at pc=0x0000018a9fac5108, pid=14332, tid=20872
#
# JRE version: OpenJDK Runtime Environment Temurin-23.0.2+7 (23.0.2+7) (build 23.0.2+7)
# Java VM: OpenJDK 64-Bit Server VM Temurin-23.0.2+7 (23.0.2+7, mixed mode, sharing, tiered, compressed oops, compressed class ptrs, g1 gc, windows-amd64)
# Problematic frame:
# j  java.lang.invoke.DirectMethodHandle$Holder.newInvokeSpecial(Ljava/lang/Object;)Ljava/lang/Object;+15 java.base@23.0.2
#
# No core dump will be written. Minidumps are not enabled by default on client versions of Windows
#
# If you would like to submit a bug report, please visit:
#   https://github.com/adoptium/adoptium-support/issues
#

---------------  S U M M A R Y ------------

Command Line: -XX:+ShowCodeDetailsInExceptionMessages -agentlib:jdwp=transport=dt_socket,suspend=y,address=localhost:52167 -javaagent:C:\Users\Abel\eclipse\jee-2024-12\eclipse\configuration\org.eclipse.osgi\444\0\.cp\lib\javaagent-shaded.jar -Dfile.encoding=UTF-8 -Dstdout.encoding=UTF-8 -Dstderr.encoding=UTF-8 com.example.myPorra.MyPorraApplication

Host: Intel(R) Core(TM) i5-8500T CPU @ 2.10GHz, 6 cores, 7G,  Windows 10 , 64 bit Build 19041 (10.0.19041.5438)
Time: Sat Mar 22 11:52:50 2025 Hora estándar romance elapsed time: 521.438474 seconds (0d 0h 8m 41s)

---------------  T H R E A D  ---------------

Current thread (0x0000018af6863410):  JavaThread "restartedMain"        [_thread_in_Java, id=20872, stack(0x00000037e4700000,0x00000037e4800000) (1024K)]

Stack: [0x00000037e4700000,0x00000037e4800000],  sp=0x00000037e47fd520,  free space=1013k
Native frames: (J=compiled Java code, j=interpreted, Vv=VM code, C=native code)
C  0x0000018a9fac5108  (no source info available)

The last pc belongs to invokestatic (printed below).

siginfo: EXCEPTION_ACCESS_VIOLATION (0xc0000005), reading address 0xffffffffffffffff


Registers:
RAX=0x0000018aee9a20a0, RBX=0x0000018aee021900, RCX=0x0000018aad0111d0, RDX=0x0000000000000002
RSP=0x00000037e47fd520, RBP=0x00000037e47fd578, RSI=0x0000018af6a18a58, RDI=0x0000018af997b9e0
R8 =0x0000000000000004, R9 =0x0000000000000004, R10=0x00007ff877b1ca60, R11=0x0000018aad1e4f20
R12=0x0000000000000000, R13=0xfffffffffffffff7, R14=0x00000037e47fd598, R15=0x0000018af6863410
RIP=0x0000018a9fac5108, EFLAGS=0x0000000000010282


Register to memory mapping:

RAX=0x0000018aee9a20a0 is pointing into metadata
RBX={method} {0x0000018aee021908} 'linkToSpecial' '(Ljava/lang/Object;Ljava/lang/invoke/MemberName;)V' in 'java/lang/invoke/MethodHandle'
RCX=0x0000018aad0111d0 is pointing into metadata
RDX=0x0000000000000002 is an unknown value
RSP=0x00000037e47fd520 is pointing into the stack for thread: 0x0000018af6863410
RBP=0x00000037e47fd578 is pointing into the stack for thread: 0x0000018af6863410
RSI=0x0000018af6a18a58 points into unknown readable memory: 0x800001ffb0877fb9 | b9 7f 87 b0 ff 01 00 80
RDI=0x0000018af997b9e0 points into unknown readable memory: 0x0000001800000070 | 70 00 00 00 18 00 00 00
R8 =0x0000000000000004 is an unknown value
R9 =0x0000000000000004 is an unknown value
R10=0x00007ff877b1ca60 jvm.dll
R11={method} {0x0000018aad1e4f28} 'newInvokeSpecial' '(Ljava/lang/Object;)Ljava/lang/Object;' in 'java/lang/invoke/DirectMethodHandle$Holder'
R12=0x0 is null
R13=0xfffffffffffffff7 is an unknown value
R14=0x00000037e47fd598 is pointing into the stack for thread: 0x0000018af6863410
R15=0x0000018af6863410 is a thread

Top of Stack: (sp=0x00000037e47fd520)
0x00000037e47fd520:   0000018a9faa9054 000000008a5f09c8
0x00000037e47fd530:   fffffffffffffff7 0000018aad7f084f
0x00000037e47fd540:   0000000000000004 0000018aad1e1210
0x00000037e47fd550:   0000018aee9a2098 0000000082d0c9b0
0x00000037e47fd560:   0000018aad1e4f20 0000000000000000
0x00000037e47fd570:   00000037e47fd5a0 0000000085c9f4a0
0x00000037e47fd580:   0000018aa04beb95 000000008a5f0920
0x00000037e47fd590:   000000008a5f09c8 000000008a5f0980
0x00000037e47fd5a0:   000000008a5f0980 0000000000000000
0x00000037e47fd5b0:   000000008a5f09b0 0000000000000000
0x00000037e47fd5c0:   0000000000000000 000000008a5f09b0
0x00000037e47fd5d0:   0000000085c9f4a0 0000000000000000
0x00000037e47fd5e0:   0000000000000000 0000018aa0128eb4
0x00000037e47fd5f0:   00000037e47fd6e0 000000008a5f0980
0x00000037e47fd600:   000000000000000b 0000018aef54d8a0
0x00000037e47fd610:   0000018aa04bde34 0000000083727810
0x00000037e47fd620:   00000037e47fd6f0 0000018a988d1b66
0x00000037e47fd630:   00000037e47fd668 000000008a5f0750
0x00000037e47fd640:   0000000000000000 fffffffffffffff7
0x00000037e47fd650:   0000018af18ca630 0000000085c9f4a0
0x00000037e47fd660:   0000000000000000 0000000000000000
0x00000037e47fd670:   0000018a988d1aac 0000018af18ca648
0x00000037e47fd680:   00000037e47fd6f0 0000018a9faa9581
0x00000037e47fd690:   0000000000000000 0000000085c9f4a0
0x00000037e47fd6a0:   0000000085c9ed50 fffffffffffffff7
0x00000037e47fd6b0:   0000018af18c9863 0000000000000004
0x00000037e47fd6c0:   0000018af18cb5a0 0000000000000000
0x00000037e47fd6d0:   000000008447a978 0000018af18c98b8
0x00000037e47fd6e0:   fffffffffffffff4 00000037e47fd708
0x00000037e47fd6f0:   00000037e47fd760 0000018a9faaa31b
0x00000037e47fd700:   0000000000000000 0000000085c81ec8
0x00000037e47fd710:   0000000085c9ed50 fffffffffffffff7 

Instructions: (pc=0x0000018a9fac5108)
0x0000018a9fac5008:   ff d0 48 83 c4 20 ff e0 49 83 7f 08 00 0f 84 05
0x0000018a9fac5018:   00 00 00 e9 a0 be fd ff 4c 8b 6d c0 4c 8b 75 c8
0x0000018a9fac5028:   4e 8d 74 f5 00 c3 48 8b 4d d0 41 0f b7 55 01 48
0x0000018a9fac5038:   8b 49 30 6b d2 18 48 8d 4c 11 08 48 8b 19 48 8b
0x0000018a9fac5048:   5b 08 48 8b 5b 08 48 8b 5b 18 80 bb 31 01 00 00
0x0000018a9fac5058:   04 0f 84 0d 00 00 00 4c 3b bb 38 01 00 00 0f 85
0x0000018a9fac5068:   63 fe ff ff 0f b6 51 15 48 8b 19 4c 89 6d c0 44
0x0000018a9fac5078:   8b ea 0f b6 51 14 49 ba 60 ca b1 77 f8 7f 00 00
0x0000018a9fac5088:   49 8b 14 d2 52 41 8b d5 4c 8b 6d c0 48 8b 45 d8
0x0000018a9fac5098:   48 85 c0 0f 84 12 00 00 00 48 83 40 08 01 48 83
0x0000018a9fac50a8:   58 08 00 48 83 c0 10 48 89 45 d8 48 8b 45 d8 48
0x0000018a9fac50b8:   85 c0 0f 84 3d 01 00 00 80 78 f0 0a 0f 85 33 01
0x0000018a9fac50c8:   00 00 48 83 c0 08 4c 8b 68 f8 41 83 ed 00 41 83
0x0000018a9fac50d8:   fd 02 0f 8c 12 01 00 00 4c 8b 6b 08 45 0f b7 6d
0x0000018a9fac50e8:   2e 4c 2b 28 41 83 ed 01 4e 8b 6c ec 08 4d 85 ed
0x0000018a9fac50f8:   75 0e f6 40 08 01 75 58 f0 48 83 48 08 01 eb 50
0x0000018a9fac5108:   45 8b 6d 08 49 ba 00 00 00 ad 8a 01 00 00 4d 03
0x0000018a9fac5118:   ea 4d 8b d5 4c 33 68 08 49 f7 c5 fc ff ff ff 74
0x0000018a9fac5128:   2f 41 f6 c5 02 75 29 48 83 78 08 00 74 1e 48 83
0x0000018a9fac5138:   78 08 01 74 17 4d 8b ea 4c 33 68 08 49 f7 c5 fc
0x0000018a9fac5148:   ff ff ff 74 0b 48 83 48 08 02 eb 04 4c 89 68 08
0x0000018a9fac5158:   48 83 c0 10 4c 8b 68 e8 41 83 ed 02 41 83 fd 02
0x0000018a9fac5168:   0f 8c 84 00 00 00 4c 8b 6b 08 45 0f b7 6d 2e 4c
0x0000018a9fac5178:   2b 28 41 83 ed 01 4e 8b 6c ec 08 4d 85 ed 75 0e
0x0000018a9fac5188:   f6 40 08 01 75 58 f0 48 83 48 08 01 eb 50 45 8b
0x0000018a9fac5198:   6d 08 49 ba 00 00 00 ad 8a 01 00 00 4d 03 ea 4d
0x0000018a9fac51a8:   8b d5 4c 33 68 08 49 f7 c5 fc ff ff ff 74 2f 41
0x0000018a9fac51b8:   f6 c5 02 75 29 48 83 78 08 00 74 1e 48 83 78 08
0x0000018a9fac51c8:   01 74 17 4d 8b ea 4c 33 68 08 49 f7 c5 fc ff ff
0x0000018a9fac51d8:   ff 74 0b 48 83 48 08 02 eb 04 4c 89 68 08 48 83
0x0000018a9fac51e8:   c0 10 4c 8b 68 d8 41 83 ed 04 41 c1 e5 03 49 03
0x0000018a9fac51f8:   c5 48 89 45 d8 4c 8d 6c 24 08 49 8b cd 48 2b cd 


Stack slot to memory mapping:

stack at sp + 0 slots: 0x0000018a9faa9054 is at code_begin+3476 in an Interpreter codelet
return entry points  [0x0000018a9faa82c0, 0x0000018a9faaa4c0]  8704 bytes
stack at sp + 1 slots: 0x000000008a5f09c8 is an oop: com.example.myPorra.model.Partido 
{0x000000008a5f09c8} - klass: 'com/example/myPorra/model/Partido'
 - ---- fields (total size 6 words):
 - private 'id' 'Ljava/lang/Long;' @12  null (0x00000000)
 - private 'grupo' 'Lcom/example/myPorra/model/Grupo;' @16  null (0x00000000)
 - private 'equipo1' 'Lcom/example/myPorra/model/Equipo;' @20  null (0x00000000)
 - private 'equipo2' 'Lcom/example/myPorra/model/Equipo;' @24  null (0x00000000)
 - private 'fecha' 'Ljava/time/LocalDate;' @28  null (0x00000000)
 - private 'gfEquipo1' 'Ljava/lang/Integer;' @32  null (0x00000000)
 - private 'gfEquipo2' 'Ljava/lang/Integer;' @36  null (0x00000000)
 - private 'isJugado' 'Ljava/lang/Boolean;' @40  null (0x00000000)
 - private 'ganador' 'Lcom/example/myPorra/model/EnumGanador;' @44  null (0x00000000)
stack at sp + 2 slots: 0xfffffffffffffff7 is an unknown value
stack at sp + 3 slots: 0x0000018aad7f084f is pointing into metadata
stack at sp + 4 slots: 0x0000000000000004 is an unknown value
stack at sp + 5 slots: 0x0000018aad1e1210 is pointing into metadata
stack at sp + 6 slots: 0x0000018aee9a2098 is pointing into metadata
stack at sp + 7 slots: 0x0000000082d0c9b0 is an oop: java.lang.Class 
{0x0000000082d0c9b0} - klass: 'java/lang/Class'
 - ---- fields (total size 14 words):
 - private volatile transient 'classRedefinedCount' 'I' @12  0 (0x00000000)
 - injected 'klass' 'J' @16  1695121543176 (0x0000018aad1e1008)
 - injected 'array_klass' 'J' @24  0 (0x0000000000000000)
 - injected 'oop_size' 'I' @32  14 (0x0000000e)
 - injected 'static_oop_field_count' 'I' @36  0 (0x00000000)
 - private volatile transient 'cachedConstructor' 'Ljava/lang/reflect/Constructor;' @40  null (0x00000000)
 - private transient 'name' 'Ljava/lang/String;' @44  null (0x00000000)
 - private transient 'module' 'Ljava/lang/Module;' @48  a 'java/lang/Module'{0x0000000082d009a8} (0x82d009a8)
 - private final 'classLoader' 'Ljava/lang/ClassLoader;' @52  null (0x00000000)
 - private transient 'classData' 'Ljava/lang/Object;' @56  null (0x00000000)
 - private transient 'packageName' 'Ljava/lang/String;' @60  null (0x00000000)
 - private final 'componentType' 'Ljava/lang/Class;' @64  null (0x00000000)
 - private volatile transient 'reflectionData' 'Ljava/lang/ref/SoftReference;' @68  null (0x00000000)
 - private volatile transient 'genericInfo' 'Lsun/reflect/generics/repository/ClassRepository;' @72  null (0x00000000)
 - private volatile transient 'enumConstants' '[Ljava/lang/Object;' @76  null (0x00000000)
 - private volatile transient 'enumConstantDirectory' 'Ljava/util/Map;' @80  null (0x00000000)
 - private volatile transient 'annotationData' 'Ljava/lang/Class$AnnotationData;' @84  null (0x00000000)
 - private volatile transient 'annotationType' 'Lsun/reflect/annotation/AnnotationType;' @88  null (0x00000000)
 - transient 'classValueMap' 'Ljava/lang/ClassValue$ClassValueMap;' @92  null (0x00000000)
 - injected 'protection_domain' 'Ljava/lang/Object;' @96  null (0x00000000)
 - injected 'signers_name' 'Ljava/lang/Object;' @100  null (0x00000000)
 - injected 'source_file' 'Ljava/lang/Object;' @104  null (0x00000000)
 - injected '<init_lock>' 'Ljava/lang/Object;' @108  null (0x00000000)
 - signature: Ljava/lang/invoke/DirectMethodHandle$Holder;
 - ---- static fields (0):

Lock stack of current Java thread (top to bottom):

invokestatic  184 invokestatic  [0x0000018a9fac4e80, 0x0000018a9fac5220]  928 bytes
[MachCode]
  0x0000018a9fac4e80: 4883 ec08 | c5fa 1104 | 24eb 1f48 | 83ec 10c5 | fb11 0424 | eb14 4883 | ec10 4889 | 0424 48c7 
  0x0000018a9fac4ea0: 4424 0800 | 0000 00eb | 0150 488b | 4dd0 410f | b755 0148 | 8b49 306b | d218 488d | 4c11 080f 
  0x0000018a9fac4ec0: b659 1681 | fbb8 0000 | 000f 8474 | 0100 00bb | b800 0000 | e805 0000 | 00e9 5001 | 0000 488b 
  0x0000018a9fac4ee0: d348 8d44 | 2408 4c89 | 6dc0 498b | cfc5 f877 | 4989 afb0 | 0300 0049 | 8987 a003 | 0000 4883 
  0x0000018a9fac4f00: ec20 40f6 | c40f 0f84 | 1900 0000 | 4883 ec08 | 48b8 40ba | 1f77 f87f | 0000 ffd0 | 4883 c408 
  0x0000018a9fac4f20: e90c 0000 | 0048 b840 | ba1f 77f8 | 7f00 00ff | d048 83c4 | 2049 c787 | a003 0000 | 0000 0000 
  0x0000018a9fac4f40: 49c7 87b0 | 0300 0000 | 0000 0049 | c787 a803 | 0000 0000 | 0000 c5f8 | 7741 8b8f | 2c05 0000 
  0x0000018a9fac4f60: f6c1 010f | 8442 0000 | 00f6 c102 | 0f85 3900 | 0000 4883 | ec20 40f6 | c40f 0f84 | 1900 0000 
  0x0000018a9fac4f80: 4883 ec08 | 48b8 c064 | 1f77 f87f | 0000 ffd0 | 4883 c408 | e90c 0000 | 0048 b8c0 | 641f 77f8 
  0x0000018a9fac4fa0: 7f00 00ff | d048 83c4 | 20ff e049 | 8b8f d805 | 0000 4885 | c90f 8455 | 0000 008b | 899c 0000 
  0x0000018a9fac4fc0: 0083 f901 | 0f85 4600 | 0000 498b | 8fd8 0500 | 008b 89a0 | 0000 0048 | 83ec 2040 | f6c4 0f0f 
  0x0000018a9fac4fe0: 8419 0000 | 0048 83ec | 0848 b8b0 | 641f 77f8 | 7f00 00ff | d048 83c4 | 08e9 0c00 | 0000 48b8 
  0x0000018a9fac5000: b064 1f77 | f87f 0000 | ffd0 4883 | c420 ffe0 | 4983 7f08 | 000f 8405 | 0000 00e9 | a0be fdff 
  0x0000018a9fac5020: 4c8b 6dc0 | 4c8b 75c8 | 4e8d 74f5 | 00c3 488b | 4dd0 410f | b755 0148 | 8b49 306b | d218 488d 
  0x0000018a9fac5040: 4c11 0848 | 8b19 488b | 5b08 488b | 5b08 488b | 5b18 80bb | 3101 0000 | 040f 840d | 0000 004c 
  0x0000018a9fac5060: 3bbb 3801 | 0000 0f85 | 63fe ffff | 0fb6 5115 | 488b 194c | 896d c044 | 8bea 0fb6 | 5114 49ba 
  0x0000018a9fac5080: 60ca b177 | f87f 0000 | 498b 14d2 | 5241 8bd5 | 4c8b 6dc0 | 488b 45d8 | 4885 c00f | 8412 0000 
  0x0000018a9fac50a0: 0048 8340 | 0801 4883 | 5808 0048 | 83c0 1048 | 8945 d848 | 8b45 d848 | 85c0 0f84 | 3d01 0000 
  0x0000018a9fac50c0: 8078 f00a | 0f85 3301 | 0000 4883 | c008 4c8b | 68f8 4183 | ed00 4183 | fd02 0f8c | 1201 0000 
  0x0000018a9fac50e0: 4c8b 6b08 | 450f b76d | 2e4c 2b28 | 4183 ed01 | 4e8b 6cec | 084d 85ed | 750e f640 | 0801 7558 
  0x0000018a9fac5100: f048 8348 | 0801 eb50 | 458b 6d08 | 49ba 0000 | 00ad 8a01 | 0000 4d03 | ea4d 8bd5 | 4c33 6808 
  0x0000018a9fac5120: 49f7 c5fc | ffff ff74 | 2f41 f6c5 | 0275 2948 | 8378 0800 | 741e 4883 | 7808 0174 | 174d 8bea 
  0x0000018a9fac5140: 4c33 6808 | 49f7 c5fc | ffff ff74 | 0b48 8348 | 0802 eb04 | 4c89 6808 | 4883 c010 | 4c8b 68e8 
  0x0000018a9fac5160: 4183 ed02 | 4183 fd02 | 0f8c 8400 | 0000 4c8b | 6b08 450f | b76d 2e4c | 2b28 4183 | ed01 4e8b 
  0x0000018a9fac5180: 6cec 084d | 85ed 750e | f640 0801 | 7558 f048 | 8348 0801 | eb50 458b | 6d08 49ba | 0000 00ad 
  0x0000018a9fac51a0: 8a01 0000 | 4d03 ea4d | 8bd5 4c33 | 6808 49f7 | c5fc ffff | ff74 2f41 | f6c5 0275 | 2948 8378 
  0x0000018a9fac51c0: 0800 741e | 4883 7808 | 0174 174d | 8bea 4c33 | 6808 49f7 | c5fc ffff | ff74 0b48 | 8348 0802 
  0x0000018a9fac51e0: eb04 4c89 | 6808 4883 | c010 4c8b | 68d8 4183 | ed04 41c1 | e503 4903 | c548 8945 | d84c 8d6c 
  0x0000018a9fac5200: 2408 498b | cd48 2bcd | 48c1 f903 | 4889 4df0 | 4180 bfe0 | 0500 0000 | 7403 ff63 | 38ff 6350 
[/MachCode]

---------------  P R O C E S S  ---------------

Threads class SMR info:
_java_thread_list=0x0000018af40452d0, length=23, elements={
0x0000018aac581990, 0x0000018aac5828b0, 0x0000018aac5869e0, 0x0000018aac58b170,
0x0000018aac58b7e0, 0x0000018aac58be50, 0x0000018aac594800, 0x0000018aac594ec0,
0x0000018aac8b6340, 0x0000018aac9f4bc0, 0x0000018aacabe2e0, 0x0000018aacac1110,
0x0000018af2468550, 0x0000018af27c6310, 0x0000018af6865b70, 0x0000018af6862d80,
0x0000018af6863410, 0x0000018af6864e50, 0x0000018af6864130, 0x0000018af68647c0,
0x0000018af6861340, 0x0000018af6860cb0, 0x0000018af68654e0
}

Java Threads: ( => current thread )
  0x0000018aac581990 JavaThread "Reference Handler"          daemon [_thread_blocked, id=13360, stack(0x00000037e5100000,0x00000037e5200000) (1024K)]
  0x0000018aac5828b0 JavaThread "Finalizer"                  daemon [_thread_blocked, id=11088, stack(0x00000037e5200000,0x00000037e5300000) (1024K)]
  0x0000018aac5869e0 JavaThread "Signal Dispatcher"          daemon [_thread_blocked, id=15008, stack(0x00000037e5300000,0x00000037e5400000) (1024K)]
  0x0000018aac58b170 JavaThread "Attach Listener"            daemon [_thread_blocked, id=868, stack(0x00000037e5400000,0x00000037e5500000) (1024K)]
  0x0000018aac58b7e0 JavaThread "Service Thread"             daemon [_thread_blocked, id=10384, stack(0x00000037e5500000,0x00000037e5600000) (1024K)]
  0x0000018aac58be50 JavaThread "Monitor Deflation Thread"   daemon [_thread_blocked, id=16340, stack(0x00000037e5600000,0x00000037e5700000) (1024K)]
  0x0000018aac594800 JavaThread "C2 CompilerThread0"         daemon [_thread_blocked, id=13780, stack(0x00000037e5700000,0x00000037e5800000) (1024K)]
  0x0000018aac594ec0 JavaThread "C1 CompilerThread0"         daemon [_thread_blocked, id=3912, stack(0x00000037e5800000,0x00000037e5900000) (1024K)]
  0x0000018aac8b6340 JavaThread "Common-Cleaner"             daemon [_thread_blocked, id=6788, stack(0x00000037e5900000,0x00000037e5a00000) (1024K)]
  0x0000018aac9f4bc0 JavaThread "JDWP Transport Listener: dt_socket" daemon [_thread_blocked, id=14232, stack(0x00000037e5a00000,0x00000037e5b00000) (1024K)]
  0x0000018aacabe2e0 JavaThread "JDWP Event Helper Thread"   daemon [_thread_blocked, id=13696, stack(0x00000037e5b00000,0x00000037e5c00000) (1024K)]
  0x0000018aacac1110 JavaThread "JDWP Command Reader"        daemon [_thread_in_native, id=16048, stack(0x00000037e5c00000,0x00000037e5d00000) (1024K)]
  0x0000018af2468550 JavaThread "Notification Thread"        daemon [_thread_blocked, id=14148, stack(0x00000037e5e00000,0x00000037e5f00000) (1024K)]
  0x0000018af27c6310 JavaThread "Live Reload Server"         daemon [_thread_in_native, id=7804, stack(0x00000037e7000000,0x00000037e7100000) (1024K)]
  0x0000018af6865b70 JavaThread "DestroyJavaVM"                     [_thread_blocked, id=14088, stack(0x00000037e4900000,0x00000037e4a00000) (1024K)]
  0x0000018af6862d80 JavaThread "Thread-5"                          [_thread_blocked, id=16964, stack(0x00000037e4600000,0x00000037e4700000) (1024K)]
=>0x0000018af6863410 JavaThread "restartedMain"                     [_thread_in_Java, id=20872, stack(0x00000037e4700000,0x00000037e4800000) (1024K)]
  0x0000018af6864e50 JavaThread "Catalina-utility-1"                [_thread_blocked, id=6528, stack(0x00000037e6400000,0x00000037e6500000) (1024K)]
  0x0000018af6864130 JavaThread "Catalina-utility-2"                [_thread_blocked, id=3548, stack(0x00000037e6500000,0x00000037e6600000) (1024K)]
  0x0000018af68647c0 JavaThread "container-0"                       [_thread_blocked, id=7596, stack(0x00000037e6600000,0x00000037e6700000) (1024K)]
  0x0000018af6861340 JavaThread "PostgreSQL-JDBC-Cleaner"    daemon [_thread_blocked, id=17224, stack(0x00000037e6800000,0x00000037e6900000) (1024K)]
  0x0000018af6860cb0 JavaThread "HikariPool-2 housekeeper"   daemon [_thread_blocked, id=19564, stack(0x00000037e5d00000,0x00000037e5e00000) (1024K)]
  0x0000018af68654e0 JavaThread "HikariPool-2 connection adder" daemon [_thread_in_native, id=12408, stack(0x00000037e6900000,0x00000037e6a00000) (1024K)]
Total: 23

Other Threads:
  0x0000018aac567da0 VMThread "VM Thread"                           [id=16276, stack(0x00000037e5000000,0x00000037e5100000) (1024K)]
  0x0000018aac552940 WatcherThread "VM Periodic Task Thread"        [id=13960, stack(0x00000037e4f00000,0x00000037e5000000) (1024K)]
  0x0000018a94896530 WorkerThread "GC Thread#0"                     [id=15844, stack(0x00000037e4a00000,0x00000037e4b00000) (1024K)]
  0x0000018af29639e0 WorkerThread "GC Thread#1"                     [id=15348, stack(0x00000037e5f00000,0x00000037e6000000) (1024K)]
  0x0000018af267dfd0 WorkerThread "GC Thread#2"                     [id=15788, stack(0x00000037e6000000,0x00000037e6100000) (1024K)]
  0x0000018af2729330 WorkerThread "GC Thread#3"                     [id=15908, stack(0x00000037e6100000,0x00000037e6200000) (1024K)]
  0x0000018af27e1480 WorkerThread "GC Thread#4"                     [id=10948, stack(0x00000037e6200000,0x00000037e6300000) (1024K)]
  0x0000018af27e4050 WorkerThread "GC Thread#5"                     [id=11440, stack(0x00000037e6300000,0x00000037e6400000) (1024K)]
  0x0000018a948aaf40 ConcurrentGCThread "G1 Main Marker"            [id=15412, stack(0x00000037e4b00000,0x00000037e4c00000) (1024K)]
  0x0000018a948ac3a0 WorkerThread "G1 Conc#0"                       [id=6124, stack(0x00000037e4c00000,0x00000037e4d00000) (1024K)]
  0x0000018af5b3c5a0 WorkerThread "G1 Conc#1"                       [id=21304, stack(0x00000037e6700000,0x00000037e6800000) (1024K)]
  0x0000018aac422040 ConcurrentGCThread "G1 Refine#0"               [id=14416, stack(0x00000037e4d00000,0x00000037e4e00000) (1024K)]
  0x0000018aac4229d0 ConcurrentGCThread "G1 Service"                [id=14000, stack(0x00000037e4e00000,0x00000037e4f00000) (1024K)]
Total: 13

Threads with active compile tasks:
Total: 0

VM state: not at safepoint (normal execution)

VM Mutex/Monitor currently owned by a thread: None

Heap address: 0x0000000082800000, size: 2008 MB, Compressed Oops mode: 32-bit

CDS archive(s) mapped at: [0x0000018aad000000-0x0000018aadd70000-0x0000018aadd70000), size 14090240, SharedBaseAddress: 0x0000018aad000000, ArchiveRelocationMode: 1.
Compressed class space mapped at: 0x0000018aae000000-0x0000018aee000000, reserved size: 1073741824
Narrow klass base: 0x0000018aad000000, Narrow klass shift: 0, Narrow klass range: 0x41000000

GC Precious Log:
 CardTable entry size: 512
 Card Set container configuration: InlinePtr #cards 5 size 8 Array Of Cards #cards 10 size 36 Howl #buckets 4 coarsen threshold 1843 Howl Bitmap #cards 512 size 80 coarsen threshold 460 Card regions per heap region 1 cards per card region 2048
 CPUs: 6 total, 6 available
 Memory: 8027M
 Large Page Support: Disabled
 NUMA Support: Disabled
 Compressed Oops: Enabled (32-bit)
 Heap Region Size: 1M
 Heap Min Capacity: 8M
 Heap Initial Capacity: 126M
 Heap Max Capacity: 2008M
 Pre-touch: Disabled
 Parallel Workers: 6
 Concurrent Workers: 2
 Concurrent Refinement Workers: 6
 Periodic GC: Disabled

Heap:
 garbage-first heap   total reserved 2056192K, committed 102400K, used 46681K [0x0000000082800000, 0x0000000100000000)
  region size 1024K, 6 young (6144K), 2 survivors (2048K)
 Metaspace       used 91785K, committed 92736K, reserved 1179648K
  class space    used 12630K, committed 13056K, reserved 1048576K

Heap Regions: E=young(eden), S=young(survivor), O=old, HS=humongous(starts), HC=humongous(continues), CS=collection set, F=free, TAMS=top-at-mark-start, PB=parsable bottom
|   0|0x0000000082800000, 0x0000000082900000, 0x0000000082900000|100%|HS|  |TAMS 0x0000000082800000| PB 0x0000000082800000| Untracked |  0
|   1|0x0000000082900000, 0x0000000082a00000, 0x0000000082a00000|100%|HS|  |TAMS 0x0000000082900000| PB 0x0000000082900000| Untracked |  0
|   2|0x0000000082a00000, 0x0000000082b00000, 0x0000000082b00000|100%| O|  |TAMS 0x0000000082a00000| PB 0x0000000082a00000| Untracked |  0
|   3|0x0000000082b00000, 0x0000000082c00000, 0x0000000082c00000|100%| O|  |TAMS 0x0000000082b00000| PB 0x0000000082b00000| Untracked |  0
|   4|0x0000000082c00000, 0x0000000082cfff98, 0x0000000082d00000| 99%| O|  |TAMS 0x0000000082c00000| PB 0x0000000082c00000| Untracked |  0
|   5|0x0000000082d00000, 0x0000000082e00000, 0x0000000082e00000|100%| O|  |TAMS 0x0000000082d00000| PB 0x0000000082d00000| Untracked |  0
|   6|0x0000000082e00000, 0x0000000082f00000, 0x0000000082f00000|100%| O|  |TAMS 0x0000000082e00000| PB 0x0000000082e00000| Untracked |  0
|   7|0x0000000082f00000, 0x0000000082fffff0, 0x0000000083000000| 99%| O|  |TAMS 0x0000000082f00000| PB 0x0000000082f00000| Untracked |  0
|   8|0x0000000083000000, 0x00000000830fffc0, 0x0000000083100000| 99%| O|  |TAMS 0x0000000083000000| PB 0x0000000083000000| Untracked |  0
|   9|0x0000000083100000, 0x00000000831fffc0, 0x0000000083200000| 99%| O|  |TAMS 0x0000000083100000| PB 0x0000000083100000| Untracked |  0
|  10|0x0000000083200000, 0x0000000083300000, 0x0000000083300000|100%| O|  |TAMS 0x0000000083200000| PB 0x0000000083200000| Untracked |  0
|  11|0x0000000083300000, 0x00000000833fffe8, 0x0000000083400000| 99%| O|  |TAMS 0x0000000083300000| PB 0x0000000083300000| Untracked |  0
|  12|0x0000000083400000, 0x00000000834ffff0, 0x0000000083500000| 99%| O|  |TAMS 0x0000000083400000| PB 0x0000000083400000| Untracked |  0
|  13|0x0000000083500000, 0x00000000835fffe0, 0x0000000083600000| 99%| O|  |TAMS 0x0000000083500000| PB 0x0000000083500000| Untracked |  0
|  14|0x0000000083600000, 0x0000000083700000, 0x0000000083700000|100%| O|  |TAMS 0x0000000083600000| PB 0x0000000083600000| Untracked |  0
|  15|0x0000000083700000, 0x00000000837fffe8, 0x0000000083800000| 99%| O|  |TAMS 0x0000000083700000| PB 0x0000000083700000| Untracked |  0
|  16|0x0000000083800000, 0x0000000083900000, 0x0000000083900000|100%| O|  |TAMS 0x0000000083800000| PB 0x0000000083800000| Untracked |  0
|  17|0x0000000083900000, 0x00000000839fffd8, 0x0000000083a00000| 99%| O|  |TAMS 0x0000000083900000| PB 0x0000000083900000| Untracked |  0
|  18|0x0000000083a00000, 0x0000000083affff8, 0x0000000083b00000| 99%| O|  |TAMS 0x0000000083a00000| PB 0x0000000083a00000| Untracked |  0
|  19|0x0000000083b00000, 0x0000000083bffff8, 0x0000000083c00000| 99%| O|  |TAMS 0x0000000083b00000| PB 0x0000000083b00000| Untracked |  0
|  20|0x0000000083c00000, 0x0000000083cffff8, 0x0000000083d00000| 99%| O|  |TAMS 0x0000000083c00000| PB 0x0000000083c00000| Untracked |  0
|  21|0x0000000083d00000, 0x0000000083dfffd0, 0x0000000083e00000| 99%| O|  |TAMS 0x0000000083d00000| PB 0x0000000083d00000| Untracked |  0
|  22|0x0000000083e00000, 0x0000000083efffd0, 0x0000000083f00000| 99%| O|  |TAMS 0x0000000083e00000| PB 0x0000000083e00000| Untracked |  0
|  23|0x0000000083f00000, 0x0000000083ffff08, 0x0000000084000000| 99%| O|  |TAMS 0x0000000083f00000| PB 0x0000000083f00000| Untracked |  0
|  24|0x0000000084000000, 0x00000000840ffff8, 0x0000000084100000| 99%| O|  |TAMS 0x0000000084000000| PB 0x0000000084000000| Untracked |  0
|  25|0x0000000084100000, 0x00000000841ffff0, 0x0000000084200000| 99%| O|  |TAMS 0x0000000084100000| PB 0x0000000084100000| Untracked |  0
|  26|0x0000000084200000, 0x00000000842ff410, 0x0000000084300000| 99%| O|  |TAMS 0x0000000084200000| PB 0x0000000084200000| Untracked |  0
|  27|0x0000000084300000, 0x0000000084400000, 0x0000000084400000|100%| O|  |TAMS 0x0000000084300000| PB 0x0000000084300000| Untracked |  0
|  28|0x0000000084400000, 0x00000000844ffff8, 0x0000000084500000| 99%| O|  |TAMS 0x0000000084400000| PB 0x0000000084400000| Untracked |  0
|  29|0x0000000084500000, 0x00000000845fffd0, 0x0000000084600000| 99%| O|  |TAMS 0x0000000084500000| PB 0x0000000084500000| Untracked |  0
|  30|0x0000000084600000, 0x00000000846f9630, 0x0000000084700000| 97%| O|  |TAMS 0x0000000084600000| PB 0x0000000084600000| Untracked |  0
|  31|0x0000000084700000, 0x0000000084800000, 0x0000000084800000|100%| O|  |TAMS 0x0000000084700000| PB 0x0000000084700000| Untracked |  0
|  32|0x0000000084800000, 0x0000000084900000, 0x0000000084900000|100%| O|  |TAMS 0x0000000084800000| PB 0x0000000084800000| Untracked |  0
|  33|0x0000000084900000, 0x0000000084930748, 0x0000000084a00000| 18%| O|  |TAMS 0x0000000084900000| PB 0x0000000084900000| Untracked |  0
|  34|0x0000000084a00000, 0x0000000084abdf10, 0x0000000084b00000| 74%| O|  |TAMS 0x0000000084a00000| PB 0x0000000084a00000| Untracked |  0
|  35|0x0000000084b00000, 0x0000000084b168f8, 0x0000000084c00000|  8%| O|  |TAMS 0x0000000084b00000| PB 0x0000000084b00000| Untracked |  0
|  36|0x0000000084c00000, 0x0000000084cfffe0, 0x0000000084d00000| 99%| O|  |TAMS 0x0000000084c00000| PB 0x0000000084c00000| Untracked |  0
|  37|0x0000000084d00000, 0x0000000084e00000, 0x0000000084e00000|100%| O|  |TAMS 0x0000000084d00000| PB 0x0000000084d00000| Untracked |  0
|  38|0x0000000084e00000, 0x0000000084f00000, 0x0000000084f00000|100%| O|  |TAMS 0x0000000084e00000| PB 0x0000000084e00000| Untracked |  0
|  39|0x0000000084f00000, 0x0000000084f00000, 0x0000000085000000|  0%| F|  |TAMS 0x0000000084f00000| PB 0x0000000084f00000| Untracked |  0
|  40|0x0000000085000000, 0x000000008500b1f8, 0x0000000085100000|  4%| O|  |TAMS 0x0000000085000000| PB 0x0000000085000000| Untracked |  0
|  41|0x0000000085100000, 0x0000000085100000, 0x0000000085200000|  0%| F|  |TAMS 0x0000000085100000| PB 0x0000000085100000| Untracked |  0
|  42|0x0000000085200000, 0x0000000085200000, 0x0000000085300000|  0%| F|  |TAMS 0x0000000085200000| PB 0x0000000085200000| Untracked |  0
|  43|0x0000000085300000, 0x0000000085300000, 0x0000000085400000|  0%| F|  |TAMS 0x0000000085300000| PB 0x0000000085300000| Untracked |  0
|  44|0x0000000085400000, 0x0000000085400000, 0x0000000085500000|  0%| F|  |TAMS 0x0000000085400000| PB 0x0000000085400000| Untracked |  0
|  45|0x0000000085500000, 0x0000000085600000, 0x0000000085600000|100%| O|  |TAMS 0x0000000085500000| PB 0x0000000085500000| Untracked |  0
|  46|0x0000000085600000, 0x0000000085700000, 0x0000000085700000|100%| O|  |TAMS 0x0000000085600000| PB 0x0000000085600000| Untracked |  0
|  47|0x0000000085700000, 0x000000008578de90, 0x0000000085800000| 55%| O|  |TAMS 0x0000000085700000| PB 0x0000000085700000| Untracked |  0
|  48|0x0000000085800000, 0x0000000085900000, 0x0000000085900000|100%| O|  |TAMS 0x0000000085800000| PB 0x0000000085800000| Untracked |  0
|  49|0x0000000085900000, 0x0000000085900000, 0x0000000085a00000|  0%| F|  |TAMS 0x0000000085900000| PB 0x0000000085900000| Untracked |  0
|  50|0x0000000085a00000, 0x0000000085a00000, 0x0000000085b00000|  0%| F|  |TAMS 0x0000000085a00000| PB 0x0000000085a00000| Untracked |  0
|  51|0x0000000085b00000, 0x0000000085b00000, 0x0000000085c00000|  0%| F|  |TAMS 0x0000000085b00000| PB 0x0000000085b00000| Untracked |  0
|  52|0x0000000085c00000, 0x0000000085d00000, 0x0000000085d00000|100%| S|CS|TAMS 0x0000000085c00000| PB 0x0000000085c00000| Complete |  0
|  53|0x0000000085d00000, 0x0000000085e00000, 0x0000000085e00000|100%| S|CS|TAMS 0x0000000085d00000| PB 0x0000000085d00000| Complete |  0
|  54|0x0000000085e00000, 0x0000000085e00000, 0x0000000085f00000|  0%| F|  |TAMS 0x0000000085e00000| PB 0x0000000085e00000| Untracked |  0
|  55|0x0000000085f00000, 0x0000000085f00000, 0x0000000086000000|  0%| F|  |TAMS 0x0000000085f00000| PB 0x0000000085f00000| Untracked |  0
|  56|0x0000000086000000, 0x0000000086000000, 0x0000000086100000|  0%| F|  |TAMS 0x0000000086000000| PB 0x0000000086000000| Untracked |  0
|  57|0x0000000086100000, 0x0000000086100000, 0x0000000086200000|  0%| F|  |TAMS 0x0000000086100000| PB 0x0000000086100000| Untracked |  0
|  58|0x0000000086200000, 0x0000000086200000, 0x0000000086300000|  0%| F|  |TAMS 0x0000000086200000| PB 0x0000000086200000| Untracked |  0
|  59|0x0000000086300000, 0x0000000086300000, 0x0000000086400000|  0%| F|  |TAMS 0x0000000086300000| PB 0x0000000086300000| Untracked |  0
|  60|0x0000000086400000, 0x0000000086400000, 0x0000000086500000|  0%| F|  |TAMS 0x0000000086400000| PB 0x0000000086400000| Untracked |  0
|  61|0x0000000086500000, 0x0000000086500000, 0x0000000086600000|  0%| F|  |TAMS 0x0000000086500000| PB 0x0000000086500000| Untracked |  0
|  62|0x0000000086600000, 0x0000000086600000, 0x0000000086700000|  0%| F|  |TAMS 0x0000000086600000| PB 0x0000000086600000| Untracked |  0
|  63|0x0000000086700000, 0x0000000086700000, 0x0000000086800000|  0%| F|  |TAMS 0x0000000086700000| PB 0x0000000086700000| Untracked |  0
|  64|0x0000000086800000, 0x0000000086800000, 0x0000000086900000|  0%| F|  |TAMS 0x0000000086800000| PB 0x0000000086800000| Untracked |  0
|  65|0x0000000086900000, 0x0000000086900000, 0x0000000086a00000|  0%| F|  |TAMS 0x0000000086900000| PB 0x0000000086900000| Untracked |  0
|  66|0x0000000086a00000, 0x0000000086a00000, 0x0000000086b00000|  0%| F|  |TAMS 0x0000000086a00000| PB 0x0000000086a00000| Untracked |  0
|  67|0x0000000086b00000, 0x0000000086b00000, 0x0000000086c00000|  0%| F|  |TAMS 0x0000000086b00000| PB 0x0000000086b00000| Untracked |  0
|  68|0x0000000086c00000, 0x0000000086c00000, 0x0000000086d00000|  0%| F|  |TAMS 0x0000000086c00000| PB 0x0000000086c00000| Untracked |  0
|  69|0x0000000086d00000, 0x0000000086d00000, 0x0000000086e00000|  0%| F|  |TAMS 0x0000000086d00000| PB 0x0000000086d00000| Untracked |  0
|  70|0x0000000086e00000, 0x0000000086e00000, 0x0000000086f00000|  0%| F|  |TAMS 0x0000000086e00000| PB 0x0000000086e00000| Untracked |  0
|  71|0x0000000086f00000, 0x0000000086f00000, 0x0000000087000000|  0%| F|  |TAMS 0x0000000086f00000| PB 0x0000000086f00000| Untracked |  0
|  72|0x0000000087000000, 0x0000000087000000, 0x0000000087100000|  0%| F|  |TAMS 0x0000000087000000| PB 0x0000000087000000| Untracked |  0
|  73|0x0000000087100000, 0x0000000087100000, 0x0000000087200000|  0%| F|  |TAMS 0x0000000087100000| PB 0x0000000087100000| Untracked |  0
|  74|0x0000000087200000, 0x0000000087200000, 0x0000000087300000|  0%| F|  |TAMS 0x0000000087200000| PB 0x0000000087200000| Untracked |  0
|  75|0x0000000087300000, 0x0000000087300000, 0x0000000087400000|  0%| F|  |TAMS 0x0000000087300000| PB 0x0000000087300000| Untracked |  0
|  76|0x0000000087400000, 0x0000000087400000, 0x0000000087500000|  0%| F|  |TAMS 0x0000000087400000| PB 0x0000000087400000| Untracked |  0
|  77|0x0000000087500000, 0x0000000087500000, 0x0000000087600000|  0%| F|  |TAMS 0x0000000087500000| PB 0x0000000087500000| Untracked |  0
|  78|0x0000000087600000, 0x0000000087600000, 0x0000000087700000|  0%| F|  |TAMS 0x0000000087600000| PB 0x0000000087600000| Untracked |  0
|  79|0x0000000087700000, 0x0000000087700000, 0x0000000087800000|  0%| F|  |TAMS 0x0000000087700000| PB 0x0000000087700000| Untracked |  0
|  80|0x0000000087800000, 0x0000000087800000, 0x0000000087900000|  0%| F|  |TAMS 0x0000000087800000| PB 0x0000000087800000| Untracked |  0
|  81|0x0000000087900000, 0x0000000087900000, 0x0000000087a00000|  0%| F|  |TAMS 0x0000000087900000| PB 0x0000000087900000| Untracked |  0
|  82|0x0000000087a00000, 0x0000000087a00000, 0x0000000087b00000|  0%| F|  |TAMS 0x0000000087a00000| PB 0x0000000087a00000| Untracked |  0
|  83|0x0000000087b00000, 0x0000000087b00000, 0x0000000087c00000|  0%| F|  |TAMS 0x0000000087b00000| PB 0x0000000087b00000| Untracked |  0
|  84|0x0000000087c00000, 0x0000000087c00000, 0x0000000087d00000|  0%| F|  |TAMS 0x0000000087c00000| PB 0x0000000087c00000| Untracked |  0
|  85|0x0000000087d00000, 0x0000000087d00000, 0x0000000087e00000|  0%| F|  |TAMS 0x0000000087d00000| PB 0x0000000087d00000| Untracked |  0
|  86|0x0000000087e00000, 0x0000000087e00000, 0x0000000087f00000|  0%| F|  |TAMS 0x0000000087e00000| PB 0x0000000087e00000| Untracked |  0
|  87|0x0000000087f00000, 0x0000000087f00000, 0x0000000088000000|  0%| F|  |TAMS 0x0000000087f00000| PB 0x0000000087f00000| Untracked |  0
|  88|0x0000000088000000, 0x0000000088000000, 0x0000000088100000|  0%| F|  |TAMS 0x0000000088000000| PB 0x0000000088000000| Untracked |  0
|  89|0x0000000088100000, 0x0000000088100000, 0x0000000088200000|  0%| F|  |TAMS 0x0000000088100000| PB 0x0000000088100000| Untracked |  0
|  90|0x0000000088200000, 0x0000000088200000, 0x0000000088300000|  0%| F|  |TAMS 0x0000000088200000| PB 0x0000000088200000| Untracked |  0
|  91|0x0000000088300000, 0x0000000088300000, 0x0000000088400000|  0%| F|  |TAMS 0x0000000088300000| PB 0x0000000088300000| Untracked |  0
| 106|0x0000000089200000, 0x0000000089200000, 0x0000000089300000|  0%| F|  |TAMS 0x0000000089200000| PB 0x0000000089200000| Untracked |  0
| 107|0x0000000089300000, 0x0000000089300000, 0x0000000089400000|  0%| F|  |TAMS 0x0000000089300000| PB 0x0000000089300000| Untracked |  0
| 108|0x0000000089400000, 0x0000000089400000, 0x0000000089500000|  0%| F|  |TAMS 0x0000000089400000| PB 0x0000000089400000| Untracked |  0
| 109|0x0000000089500000, 0x0000000089500000, 0x0000000089600000|  0%| F|  |TAMS 0x0000000089500000| PB 0x0000000089500000| Untracked |  0
| 110|0x0000000089600000, 0x00000000896b7840, 0x0000000089700000| 71%| E|  |TAMS 0x0000000089600000| PB 0x0000000089600000| Complete |  0
| 111|0x0000000089700000, 0x0000000089800000, 0x0000000089800000|100%| E|CS|TAMS 0x0000000089700000| PB 0x0000000089700000| Complete |  0
| 124|0x000000008a400000, 0x000000008a500000, 0x000000008a500000|100%| E|CS|TAMS 0x000000008a400000| PB 0x000000008a400000| Complete |  0
| 125|0x000000008a500000, 0x000000008a600000, 0x000000008a600000|100%| E|CS|TAMS 0x000000008a500000| PB 0x000000008a500000| Complete |  0

Card table byte_map: [0x0000018aa7b80000,0x0000018aa7f70000] _byte_map_base: 0x0000018aa776c000

Marking Bits: (CMBitMap*) 0x0000018a94896c40
 Bits: [0x0000018aa7f70000, 0x0000018aa9ed0000)

Polling page: 0x0000018a92720000

Metaspace:

Usage:
  Non-class:     77.30 MB used.
      Class:     12.33 MB used.
       Both:     89.63 MB used.

Virtual space:
  Non-class space:      128.00 MB reserved,      77.81 MB ( 61%) committed,  2 nodes.
      Class space:        1.00 GB reserved,      12.75 MB (  1%) committed,  1 nodes.
             Both:        1.12 GB reserved,      90.56 MB (  8%) committed. 

Chunk freelists:
   Non-Class:  1.58 MB
       Class:  3.16 MB
        Both:  4.74 MB

MaxMetaspaceSize: unlimited
CompressedClassSpaceSize: 1.00 GB
Initial GC threshold: 21.00 MB
Current GC threshold: 149.31 MB
CDS: on
 - commit_granule_bytes: 65536.
 - commit_granule_words: 8192.
 - virtual_space_node_default_size: 8388608.
 - enlarge_chunks_in_place: 1.
 - use_allocation_guard: 0.


Internal statistics:

num_allocs_failed_limit: 9.
num_arena_births: 1412.
num_arena_deaths: 0.
num_vsnodes_births: 3.
num_vsnodes_deaths: 0.
num_space_committed: 1449.
num_space_uncommitted: 0.
num_chunks_returned_to_freelist: 9.
num_chunks_taken_from_freelist: 4715.
num_chunk_merges: 9.
num_chunk_splits: 3289.
num_chunks_enlarged: 2463.
num_inconsistent_stats: 0.

CodeHeap 'non-profiled nmethods': size=120064Kb used=4616Kb max_used=4703Kb free=115447Kb
 bounds [0x0000018aa0030000, 0x0000018aa04d0000, 0x0000018aa7570000]
CodeHeap 'profiled nmethods': size=120000Kb used=11153Kb max_used=12134Kb free=108846Kb
 bounds [0x0000018a98570000, 0x0000018a99150000, 0x0000018a9faa0000]
CodeHeap 'non-nmethods': size=5696Kb used=1853Kb max_used=1951Kb free=3842Kb
 bounds [0x0000018a9faa0000, 0x0000018a9fd10000, 0x0000018aa0030000]
CodeCache: size=245760Kb, used=17622Kb, max_used=18788Kb, free=228135Kb
 total_blobs=8600, nmethods=7785, adapters=719, full_count=0
Compilation: enabled, stopped_count=0, restarted_count=0

Compilation events (20 events):
Event: 521.331 Thread 0x0000018aac594ec0 12003       3       javax.crypto.Cipher$Transform::supports (32 bytes)
Event: 521.332 Thread 0x0000018aac594ec0 nmethod 12003 0x0000018a98e82e08 code [0x0000018a98e82fc0, 0x0000018a98e83780]
Event: 521.332 Thread 0x0000018aac594ec0 12004       1       sun.security.ssl.SSLSocketImpl::useDelegatedTask (2 bytes)
Event: 521.332 Thread 0x0000018aac594ec0 nmethod 12004 0x0000018aa019c808 code [0x0000018aa019c920, 0x0000018aa019c9e8]
Event: 521.334 Thread 0x0000018aac594ec0 12005       3       java.math.BigInteger::stripLeadingZeroBytes (186 bytes)
Event: 521.334 Thread 0x0000018aac594ec0 nmethod 12005 0x0000018a98e82608 code [0x0000018a98e82780, 0x0000018a98e82dc0]
Event: 521.337 Thread 0x0000018aac594ec0 12006       3       java.math.BigInteger::implMontgomeryMultiplyChecks (126 bytes)
Event: 521.337 Thread 0x0000018aac594800 12008 %     4       java.math.BigInteger::shiftLeftImplWorker @ 9 (43 bytes)
Event: 521.337 Thread 0x0000018aac594ec0 nmethod 12006 0x0000018a98ff4588 code [0x0000018a98ff4860, 0x0000018a98ff59d8]
Event: 521.337 Thread 0x0000018aac594ec0 12007       3       java.math.BigInteger::materialize (16 bytes)
Event: 521.338 Thread 0x0000018aac594ec0 nmethod 12007 0x0000018a98e82208 code [0x0000018a98e82320, 0x0000018a98e82508]
Event: 521.340 Thread 0x0000018aac594ec0 12010       3       com.sun.crypto.provider.GCTR::doFinal (155 bytes)
Event: 521.342 Thread 0x0000018aac594ec0 nmethod 12010 0x0000018a98bce788 code [0x0000018a98bceae0, 0x0000018a98bd00f8]
Event: 521.344 Thread 0x0000018aac594800 nmethod 12008% 0x0000018aa0350188 code [0x0000018aa03502a0, 0x0000018aa0350740]
Event: 521.344 Thread 0x0000018aac594800 12009       4       com.sun.crypto.provider.HmacCore::engineInit (152 bytes)
Event: 521.357 Thread 0x0000018aac594800 nmethod 12009 0x0000018aa039c988 code [0x0000018aa039cae0, 0x0000018aa039d3c0]
Event: 521.385 Thread 0x0000018aac594ec0 12011       3       java.util.Collections$UnmodifiableCollection::toArray (10 bytes)
Event: 521.386 Thread 0x0000018aac594ec0 nmethod 12011 0x0000018a98bce188 code [0x0000018a98bce2a0, 0x0000018a98bce480]
Event: 521.387 Thread 0x0000018aac594ec0 12012       3       javax.crypto.Cipher::checkCryptoPerm (58 bytes)
Event: 521.388 Thread 0x0000018aac594ec0 nmethod 12012 0x0000018a98ff3f08 code [0x0000018a98ff40a0, 0x0000018a98ff4510]

GC Heap History (20 events):
Event: 13.823 GC heap before
{Heap before GC invocations=31 (full 0):
 garbage-first heap   total reserved 2056192K, committed 84992K, used 74035K [0x0000000082800000, 0x0000000100000000)
  region size 1024K, 40 young (40960K), 4 survivors (4096K)
 Metaspace       used 76969K, committed 77696K, reserved 1179648K
  class space    used 10670K, committed 10944K, reserved 1048576K
}
Event: 13.828 GC heap after
{Heap after GC invocations=32 (full 0):
 garbage-first heap   total reserved 2056192K, committed 84992K, used 37215K [0x0000000082800000, 0x0000000100000000)
  region size 1024K, 2 young (2048K), 2 survivors (2048K)
 Metaspace       used 76969K, committed 77696K, reserved 1179648K
  class space    used 10670K, committed 10944K, reserved 1048576K
}
Event: 14.011 GC heap before
{Heap before GC invocations=32 (full 0):
 garbage-first heap   total reserved 2056192K, committed 84992K, used 76127K [0x0000000082800000, 0x0000000100000000)
  region size 1024K, 41 young (41984K), 2 survivors (2048K)
 Metaspace       used 77744K, committed 78528K, reserved 1179648K
  class space    used 10744K, committed 11072K, reserved 1048576K
}
Event: 14.014 GC heap after
{Heap after GC invocations=33 (full 0):
 garbage-first heap   total reserved 2056192K, committed 84992K, used 37524K [0x0000000082800000, 0x0000000100000000)
  region size 1024K, 3 young (3072K), 3 survivors (3072K)
 Metaspace       used 77744K, committed 78528K, reserved 1179648K
  class space    used 10744K, committed 11072K, reserved 1048576K
}
Event: 14.329 GC heap before
{Heap before GC invocations=34 (full 0):
 garbage-first heap   total reserved 2056192K, committed 84992K, used 75412K [0x0000000082800000, 0x0000000100000000)
  region size 1024K, 40 young (40960K), 3 survivors (3072K)
 Metaspace       used 79415K, committed 80128K, reserved 1179648K
  class space    used 10963K, committed 11264K, reserved 1048576K
}
Event: 14.334 GC heap after
{Heap after GC invocations=35 (full 0):
 garbage-first heap   total reserved 2056192K, committed 84992K, used 39157K [0x0000000082800000, 0x0000000100000000)
  region size 1024K, 4 young (4096K), 4 survivors (4096K)
 Metaspace       used 79415K, committed 80128K, reserved 1179648K
  class space    used 10963K, committed 11264K, reserved 1048576K
}
Event: 14.670 GC heap before
{Heap before GC invocations=35 (full 0):
 garbage-first heap   total reserved 2056192K, committed 84992K, used 74997K [0x0000000082800000, 0x0000000100000000)
  region size 1024K, 39 young (39936K), 4 survivors (4096K)
 Metaspace       used 81348K, committed 82176K, reserved 1179648K
  class space    used 11225K, committed 11584K, reserved 1048576K
}
Event: 14.677 GC heap after
{Heap after GC invocations=36 (full 0):
 garbage-first heap   total reserved 2056192K, committed 102400K, used 40921K [0x0000000082800000, 0x0000000100000000)
  region size 1024K, 5 young (5120K), 5 survivors (5120K)
 Metaspace       used 81348K, committed 82176K, reserved 1179648K
  class space    used 11225K, committed 11584K, reserved 1048576K
}
Event: 15.191 GC heap before
{Heap before GC invocations=36 (full 0):
 garbage-first heap   total reserved 2056192K, committed 102400K, used 91097K [0x0000000082800000, 0x0000000100000000)
  region size 1024K, 54 young (55296K), 5 survivors (5120K)
 Metaspace       used 83467K, committed 84352K, reserved 1179648K
  class space    used 11518K, committed 11904K, reserved 1048576K
}
Event: 15.197 GC heap after
{Heap after GC invocations=37 (full 0):
 garbage-first heap   total reserved 2056192K, committed 102400K, used 44342K [0x0000000082800000, 0x0000000100000000)
  region size 1024K, 7 young (7168K), 7 survivors (7168K)
 Metaspace       used 83467K, committed 84352K, reserved 1179648K
  class space    used 11518K, committed 11904K, reserved 1048576K
}
Event: 15.911 GC heap before
{Heap before GC invocations=37 (full 0):
 garbage-first heap   total reserved 2056192K, committed 102400K, used 89398K [0x0000000082800000, 0x0000000100000000)
  region size 1024K, 51 young (52224K), 7 survivors (7168K)
 Metaspace       used 86491K, committed 87360K, reserved 1179648K
  class space    used 11967K, committed 12352K, reserved 1048576K
}
Event: 15.919 GC heap after
{Heap after GC invocations=38 (full 0):
 garbage-first heap   total reserved 2056192K, committed 102400K, used 45370K [0x0000000082800000, 0x0000000100000000)
  region size 1024K, 5 young (5120K), 5 survivors (5120K)
 Metaspace       used 86491K, committed 87360K, reserved 1179648K
  class space    used 11967K, committed 12352K, reserved 1048576K
}
Event: 99.128 GC heap before
{Heap before GC invocations=38 (full 0):
 garbage-first heap   total reserved 2056192K, committed 102400K, used 90426K [0x0000000082800000, 0x0000000100000000)
  region size 1024K, 50 young (51200K), 5 survivors (5120K)
 Metaspace       used 90709K, committed 91712K, reserved 1179648K
  class space    used 12548K, committed 12992K, reserved 1048576K
}
Event: 99.136 GC heap after
{Heap after GC invocations=39 (full 0):
 garbage-first heap   total reserved 2056192K, committed 102400K, used 46540K [0x0000000082800000, 0x0000000100000000)
  region size 1024K, 5 young (5120K), 5 survivors (5120K)
 Metaspace       used 90709K, committed 91712K, reserved 1179648K
  class space    used 12548K, committed 12992K, reserved 1048576K
}
Event: 514.736 GC heap before
{Heap before GC invocations=40 (full 0):
 garbage-first heap   total reserved 2056192K, committed 102400K, used 85452K [0x0000000082800000, 0x0000000100000000)
  region size 1024K, 44 young (45056K), 5 survivors (5120K)
 Metaspace       used 90875K, committed 91840K, reserved 1179648K
  class space    used 12572K, committed 12992K, reserved 1048576K
}
Event: 514.793 GC heap after
{Heap after GC invocations=41 (full 1):
 garbage-first heap   total reserved 2056192K, committed 102400K, used 36898K [0x0000000082800000, 0x0000000100000000)
  region size 1024K, 0 young (0K), 0 survivors (0K)
 Metaspace       used 90875K, committed 91840K, reserved 1179648K
  class space    used 12572K, committed 12992K, reserved 1048576K
}
Event: 515.649 GC heap before
{Heap before GC invocations=41 (full 1):
 garbage-first heap   total reserved 2056192K, committed 102400K, used 91170K [0x0000000082800000, 0x0000000100000000)
  region size 1024K, 54 young (55296K), 0 survivors (0K)
 Metaspace       used 91386K, committed 92288K, reserved 1179648K
  class space    used 12609K, committed 12992K, reserved 1048576K
}
Event: 515.653 GC heap after
{Heap after GC invocations=42 (full 1):
 garbage-first heap   total reserved 2056192K, committed 102400K, used 42018K [0x0000000082800000, 0x0000000100000000)
  region size 1024K, 5 young (5120K), 5 survivors (5120K)
 Metaspace       used 91386K, committed 92288K, reserved 1179648K
  class space    used 12609K, committed 12992K, reserved 1048576K
}
Event: 519.895 GC heap before
{Heap before GC invocations=42 (full 1):
 garbage-first heap   total reserved 2056192K, committed 102400K, used 89122K [0x0000000082800000, 0x0000000100000000)
  region size 1024K, 51 young (52224K), 5 survivors (5120K)
 Metaspace       used 91671K, committed 92608K, reserved 1179648K
  class space    used 12626K, committed 13056K, reserved 1048576K
}
Event: 519.899 GC heap after
{Heap after GC invocations=43 (full 1):
 garbage-first heap   total reserved 2056192K, committed 102400K, used 43609K [0x0000000082800000, 0x0000000100000000)
  region size 1024K, 2 young (2048K), 2 survivors (2048K)
 Metaspace       used 91671K, committed 92608K, reserved 1179648K
  class space    used 12626K, committed 13056K, reserved 1048576K
}

Dll operation events (12 events):
Event: 0.010 Loaded shared library C:\Users\Abel\.p2\pool\plugins\org.eclipse.justj.openjdk.hotspot.jre.full.win32.x86_64_23.0.2.v20250131-0604\jre\bin\java.dll
Event: 0.106 Loaded shared library C:\Users\Abel\.p2\pool\plugins\org.eclipse.justj.openjdk.hotspot.jre.full.win32.x86_64_23.0.2.v20250131-0604\jre\bin\zip.dll
Event: 0.214 Loaded shared library C:\Users\Abel\.p2\pool\plugins\org.eclipse.justj.openjdk.hotspot.jre.full.win32.x86_64_23.0.2.v20250131-0604\jre\bin\instrument.dll
Event: 0.219 Loaded shared library C:\Users\Abel\.p2\pool\plugins\org.eclipse.justj.openjdk.hotspot.jre.full.win32.x86_64_23.0.2.v20250131-0604\jre\bin\net.dll
Event: 0.220 Loaded shared library C:\Users\Abel\.p2\pool\plugins\org.eclipse.justj.openjdk.hotspot.jre.full.win32.x86_64_23.0.2.v20250131-0604\jre\bin\nio.dll
Event: 0.224 Loaded shared library C:\Users\Abel\.p2\pool\plugins\org.eclipse.justj.openjdk.hotspot.jre.full.win32.x86_64_23.0.2.v20250131-0604\jre\bin\zip.dll
Event: 0.375 Loaded shared library C:\Users\Abel\.p2\pool\plugins\org.eclipse.justj.openjdk.hotspot.jre.full.win32.x86_64_23.0.2.v20250131-0604\jre\bin\jimage.dll
Event: 0.419 Loaded shared library C:\Users\Abel\.p2\pool\plugins\org.eclipse.justj.openjdk.hotspot.jre.full.win32.x86_64_23.0.2.v20250131-0604\jre\bin\verify.dll
Event: 0.795 Loaded shared library C:\Users\Abel\.p2\pool\plugins\org.eclipse.justj.openjdk.hotspot.jre.full.win32.x86_64_23.0.2.v20250131-0604\jre\bin\management.dll
Event: 0.798 Loaded shared library C:\Users\Abel\.p2\pool\plugins\org.eclipse.justj.openjdk.hotspot.jre.full.win32.x86_64_23.0.2.v20250131-0604\jre\bin\management_ext.dll
Event: 1.744 Loaded shared library C:\Users\Abel\.p2\pool\plugins\org.eclipse.justj.openjdk.hotspot.jre.full.win32.x86_64_23.0.2.v20250131-0604\jre\bin\sunmscapi.dll
Event: 5.391 Loaded shared library C:\Users\Abel\.p2\pool\plugins\org.eclipse.justj.openjdk.hotspot.jre.full.win32.x86_64_23.0.2.v20250131-0604\jre\bin\extnet.dll

Deoptimization events (20 events):
Event: 519.829 Thread 0x0000018af6863410 DEOPT PACKING pc=0x0000018a989d609c sp=0x00000037e47fb030
Event: 519.829 Thread 0x0000018af6863410 DEOPT UNPACKING pc=0x0000018a9faf4b22 sp=0x00000037e47fa5d0 mode 1
Event: 519.832 Thread 0x0000018af6863410 DEOPT PACKING pc=0x0000018a98c45c69 sp=0x00000037e47fb2f0
Event: 519.832 Thread 0x0000018af6863410 DEOPT UNPACKING pc=0x0000018a9faf4b22 sp=0x00000037e47fa7c8 mode 1
Event: 519.832 Thread 0x0000018af6863410 DEOPT PACKING pc=0x0000018a98c42dec sp=0x00000037e47fb380
Event: 519.832 Thread 0x0000018af6863410 DEOPT UNPACKING pc=0x0000018a9faf4b22 sp=0x00000037e47fa930 mode 1
Event: 519.832 Thread 0x0000018af6863410 DEOPT PACKING pc=0x0000018a989d609c sp=0x00000037e47fb4f0
Event: 519.832 Thread 0x0000018af6863410 DEOPT UNPACKING pc=0x0000018a9faf4b22 sp=0x00000037e47faa90 mode 1
Event: 521.169 Thread 0x0000018af6863410 DEOPT PACKING pc=0x0000018a9883dddc sp=0x00000037e47fd530
Event: 521.169 Thread 0x0000018af6863410 DEOPT UNPACKING pc=0x0000018a9faf4b22 sp=0x00000037e47fc9e8 mode 0
Event: 521.338 Thread 0x0000018af68654e0 DEOPT PACKING pc=0x0000018a98fc4372 sp=0x00000037e69fe1c0
Event: 521.338 Thread 0x0000018af68654e0 DEOPT UNPACKING pc=0x0000018a9faf4b22 sp=0x00000037e69fd720 mode 0
Event: 521.385 Thread 0x0000018af68654e0 Uncommon trap: trap_request=0xffffffbe fr.pc=0x0000018aa039d22c relative=0x000000000000074c
Event: 521.385 Thread 0x0000018af68654e0 Uncommon trap: reason=profile_predicate action=maybe_recompile pc=0x0000018aa039d22c method=com.sun.crypto.provider.HmacCore.engineInit(Ljava/security/Key;Ljava/security/spec/AlgorithmParameterSpec;)V @ 88 c2
Event: 521.385 Thread 0x0000018af68654e0 DEOPT PACKING pc=0x0000018aa039d22c sp=0x00000037e69fe2c0
Event: 521.385 Thread 0x0000018af68654e0 DEOPT UNPACKING pc=0x0000018a9faf4402 sp=0x00000037e69fe268 mode 2
Event: 521.386 Thread 0x0000018af68654e0 Uncommon trap: trap_request=0xffffffbe fr.pc=0x0000018aa039d22c relative=0x000000000000074c
Event: 521.386 Thread 0x0000018af68654e0 Uncommon trap: reason=profile_predicate action=maybe_recompile pc=0x0000018aa039d22c method=com.sun.crypto.provider.HmacCore.engineInit(Ljava/security/Key;Ljava/security/spec/AlgorithmParameterSpec;)V @ 88 c2
Event: 521.386 Thread 0x0000018af68654e0 DEOPT PACKING pc=0x0000018aa039d22c sp=0x00000037e69fe2c0
Event: 521.386 Thread 0x0000018af68654e0 DEOPT UNPACKING pc=0x0000018a9faf4402 sp=0x00000037e69fe268 mode 2

Classes loaded (20 events):
Event: 75.569 Loading class java/util/stream/ReduceOps$6ReducingSink
Event: 75.569 Loading class java/util/stream/ReduceOps$6ReducingSink done
Event: 75.569 Loading class java/util/stream/ReferencePipeline$4$1
Event: 75.570 Loading class java/util/stream/ReferencePipeline$4$1 done
Event: 75.573 Loading class java/lang/Throwable$WrappedPrintWriter
Event: 75.573 Loading class java/lang/Throwable$PrintStreamOrWriter
Event: 75.573 Loading class java/lang/Throwable$PrintStreamOrWriter done
Event: 75.573 Loading class java/lang/Throwable$WrappedPrintWriter done
Event: 513.626 Loading class java/util/concurrent/locks/AbstractQueuedSynchronizer$SharedNode
Event: 514.150 Loading class java/util/concurrent/locks/AbstractQueuedSynchronizer$SharedNode done
Event: 514.154 Loading class javax/management/NotificationBroadcasterSupport$WildcardListenerInfo
Event: 514.154 Loading class javax/management/NotificationBroadcasterSupport$WildcardListenerInfo done
Event: 514.160 Loading class java/util/AbstractMap$2
Event: 514.161 Loading class java/util/AbstractMap$2 done
Event: 514.161 Loading class java/util/AbstractMap$ValueIterator
Event: 514.162 Loading class java/util/AbstractMap$ValueIterator done
Event: 514.793 Loading class java/lang/ref/Finalizer$2
Event: 514.808 Loading class java/lang/ref/Finalizer$2 done
Event: 514.808 Loading class java/lang/ref/Finalizer$1
Event: 514.816 Loading class java/lang/ref/Finalizer$1 done

Classes unloaded (0 events):
No events

Classes redefined (3 events):
Event: 512.691 Thread 0x0000018aac567da0 redefined class name=com.example.myPorra.model.Partido, count=1
Event: 521.194 Thread 0x0000018aac567da0 redefined class name=com.example.myPorra.model.Partido, count=1
Event: 521.194 Thread 0x0000018aac567da0 redefined class name=com.example.myPorra.model.Partido, count=2

Internal exceptions (20 events):
Event: 73.468 Thread 0x0000018af27c4240 Exception <a 'java/lang/NoSuchMethodError'{0x0000000087e46a50}: 'java.lang.Object java.lang.invoke.DirectMethodHandle$Holder.invokeSpecial(java.lang.Object, java.lang.Object, java.lang.Object, java.lang.Object, java.lang.Object, long)'> (0x0000000087e46a50) 
thrown [s\src\hotspot\share\interpreter\linkResolver.cpp, line 796]
Event: 73.468 Thread 0x0000018af27c4240 Exception <a 'java/lang/NoSuchMethodError'{0x0000000087e4a228}: 'java.lang.Object java.lang.invoke.Invokers$Holder.linkToTargetMethod(java.lang.Object, java.lang.Object, java.lang.Object, long, java.lang.Object)'> (0x0000000087e4a228) 
thrown [s\src\hotspot\share\interpreter\linkResolver.cpp, line 796]
Event: 74.646 Thread 0x0000018af27c4240 Exception <a 'java/lang/NoSuchMethodError'{0x0000000087039bf0}: 'java.lang.Object java.lang.invoke.DirectMethodHandle$Holder.invokeInterface(java.lang.Object, java.lang.Object, java.lang.Object, java.lang.Object)'> (0x0000000087039bf0) 
thrown [s\src\hotspot\share\interpreter\linkResolver.cpp, line 796]
Event: 74.653 Thread 0x0000018af27c4240 Exception <a 'java/lang/IncompatibleClassChangeError'{0x0000000086f35010}: Found class java.lang.Object, but interface was expected> (0x0000000086f35010) 
thrown [s\src\hotspot\share\interpreter\linkResolver.cpp, line 863]
Event: 74.784 Thread 0x0000018af27c4240 Exception <a 'java/lang/NoSuchMethodError'{0x000000008658ab50}: 'java.lang.Object java.lang.invoke.DirectMethodHandle$Holder.newInvokeSpecial(java.lang.Object, java.lang.Object, java.lang.Object, long)'> (0x000000008658ab50) 
thrown [s\src\hotspot\share\interpreter\linkResolver.cpp, line 796]
Event: 74.784 Thread 0x0000018af27c4240 Exception <a 'java/lang/NoSuchMethodError'{0x000000008658ef18}: 'java.lang.Object java.lang.invoke.DirectMethodHandle$Holder.invokeSpecial(java.lang.Object, java.lang.Object, java.lang.Object, java.lang.Object, long)'> (0x000000008658ef18) 
thrown [s\src\hotspot\share\interpreter\linkResolver.cpp, line 796]
Event: 74.785 Thread 0x0000018af27c4240 Exception <a 'java/lang/NoSuchMethodError'{0x0000000086592bf0}: 'java.lang.Object java.lang.invoke.Invokers$Holder.linkToTargetMethod(java.lang.Object, java.lang.Object, long, java.lang.Object)'> (0x0000000086592bf0) 
thrown [s\src\hotspot\share\interpreter\linkResolver.cpp, line 796]
Event: 514.727 Thread 0x0000018af2a4cca0 Exception <a 'java/lang/InterruptedException'{0x00000000865deaa0}: sleep interrupted> (0x00000000865deaa0) 
thrown [s\src\hotspot\share\prims\jvm.cpp, line 3093]
Event: 514.831 Thread 0x0000018af6863410 Exception <a 'sun/nio/fs/WindowsException'{0x000000008a575aa0}> (0x000000008a575aa0) 
thrown [s\src\hotspot\share\prims\jni.cpp, line 520]
Event: 515.566 Thread 0x0000018af6863410 Exception <a 'java/lang/NoClassDefFoundError'{0x0000000085c71ff0}: liquibase/integration/spring/SpringLiquibase> (0x0000000085c71ff0) 
thrown [s\src\hotspot\share\oops\constantPool.cpp, line 867]
Event: 515.574 Thread 0x0000018af6863410 Exception <a 'java/lang/NoClassDefFoundError'{0x0000000085b21000}: org/jooq/DSLContext> (0x0000000085b21000) 
thrown [s\src\hotspot\share\oops\constantPool.cpp, line 867]
Event: 515.577 Thread 0x0000018af6863410 Exception <a 'java/lang/NoClassDefFoundError'{0x0000000085b36198}: org/springframework/batch/core/repository/JobRepository> (0x0000000085b36198) 
thrown [s\src\hotspot\share\oops\constantPool.cpp, line 867]
Event: 515.578 Thread 0x0000018af6863410 Exception <a 'java/lang/NoClassDefFoundError'{0x0000000085b367f0}: org/quartz/Scheduler> (0x0000000085b367f0) 
thrown [s\src\hotspot\share\oops\constantPool.cpp, line 867]
Event: 515.579 Thread 0x0000018af6863410 Exception <a 'java/lang/NoClassDefFoundError'{0x0000000085b36e70}: org/springframework/session/jdbc/JdbcIndexedSessionRepository> (0x0000000085b36e70) 
thrown [s\src\hotspot\share\oops\constantPool.cpp, line 867]
Event: 515.596 Thread 0x0000018af6863410 Exception <a 'java/lang/ArrayIndexOutOfBoundsException'{0x0000000085a9f370}: Index 40 out of bounds for length 40> (0x0000000085a9f370) 
thrown [s\src\hotspot\share\interpreter\interpreterRuntime.cpp, line 422]
Event: 515.596 Thread 0x0000018af6863410 Exception <a 'java/lang/ArrayIndexOutOfBoundsException'{0x0000000085a9f948}: Index 40 out of bounds for length 40> (0x0000000085a9f948) 
thrown [s\src\hotspot\share\interpreter\interpreterRuntime.cpp, line 422]
Event: 515.600 Thread 0x0000018af6863410 Exception <a 'java/lang/ArrayIndexOutOfBoundsException'{0x0000000085ae3878}: Index 21 out of bounds for length 21> (0x0000000085ae3878) 
thrown [s\src\hotspot\share\interpreter\interpreterRuntime.cpp, line 422]
Event: 515.600 Thread 0x0000018af6863410 Exception <a 'java/lang/ArrayIndexOutOfBoundsException'{0x0000000085ae3e50}: Index 21 out of bounds for length 21> (0x0000000085ae3e50) 
thrown [s\src\hotspot\share\interpreter\interpreterRuntime.cpp, line 422]
Event: 515.948 Thread 0x0000018af6863410 Exception <a 'java/io/FileNotFoundException'{0x000000008824f588}> (0x000000008824f588) 
thrown [s\src\hotspot\share\prims\jni.cpp, line 520]
Event: 516.062 Thread 0x0000018af6863410 Exception <a 'java/io/FileNotFoundException'{0x0000000087713bc0}> (0x0000000087713bc0) 
thrown [s\src\hotspot\share\prims\jni.cpp, line 520]

VM Operations (20 events):
Event: 520.915 Executing VM operation: get/set locals
Event: 520.915 Executing VM operation: get/set locals done
Event: 520.915 Executing VM operation: get/set locals
Event: 520.915 Executing VM operation: get/set locals done
Event: 520.916 Executing VM operation: get/set locals
Event: 520.916 Executing VM operation: get/set locals done
Event: 520.917 Executing VM operation: get/set locals
Event: 520.917 Executing VM operation: get/set locals done
Event: 520.918 Executing VM operation: get/set locals
Event: 520.918 Executing VM operation: get/set locals done
Event: 520.919 Executing VM operation: get/set locals
Event: 520.919 Executing VM operation: get/set locals done
Event: 521.168 Executing VM operation: ChangeSingleStep
Event: 521.168 Executing VM operation: ChangeSingleStep done
Event: 521.169 Executing VM operation: ChangeSingleStep
Event: 521.169 Executing VM operation: ChangeSingleStep done
Event: 521.185 Executing VM operation: RedefineClasses
Event: 521.216 Executing VM operation: RedefineClasses done
Event: 521.220 Executing VM operation: ChangeSingleStep
Event: 521.220 Executing VM operation: ChangeSingleStep done

Memory protections (0 events):
No events

Nmethod flushes (20 events):
Event: 514.764 Thread 0x0000018aac567da0 flushing  nmethod 0x0000018a99003a88
Event: 514.764 Thread 0x0000018aac567da0 flushing  nmethod 0x0000018a99004308
Event: 514.764 Thread 0x0000018aac567da0 flushing  nmethod 0x0000018a99008e08
Event: 514.764 Thread 0x0000018aac567da0 flushing  nmethod 0x0000018a99023588
Event: 514.764 Thread 0x0000018aac567da0 flushing  nmethod 0x0000018a99023c88
Event: 514.764 Thread 0x0000018aac567da0 flushing  nmethod 0x0000018a99023f88
Event: 514.764 Thread 0x0000018aac567da0 flushing  nmethod 0x0000018a99024288
Event: 514.764 Thread 0x0000018aac567da0 flushing  nmethod 0x0000018a99024e08
Event: 514.764 Thread 0x0000018aac567da0 flushing  nmethod 0x0000018a99025108
Event: 514.764 Thread 0x0000018aac567da0 flushing  nmethod 0x0000018a99034108
Event: 514.764 Thread 0x0000018aac567da0 flushing  nmethod 0x0000018a99047688
Event: 514.764 Thread 0x0000018aac567da0 flushing  nmethod 0x0000018a99047a88
Event: 514.764 Thread 0x0000018aac567da0 flushing  nmethod 0x0000018a99049608
Event: 514.764 Thread 0x0000018aac567da0 flushing  nmethod 0x0000018a9906d988
Event: 514.764 Thread 0x0000018aac567da0 flushing  nmethod 0x0000018a990d4a08
Event: 514.764 Thread 0x0000018aac567da0 flushing  nmethod 0x0000018a990d4d08
Event: 514.764 Thread 0x0000018aac567da0 flushing  nmethod 0x0000018a990d5008
Event: 514.764 Thread 0x0000018aac567da0 flushing  nmethod 0x0000018a990e3c08
Event: 514.764 Thread 0x0000018aac567da0 flushing  nmethod 0x0000018a990e5888
Event: 514.764 Thread 0x0000018aac567da0 flushing  nmethod 0x0000018a990e6088

Events (20 events):
Event: 514.727 Thread 0x0000018af2078c20 Thread exited: 0x0000018af2078c20
Event: 514.728 Thread 0x0000018af20537c0 Thread exited: 0x0000018af20537c0
Event: 514.817 Thread 0x0000018af6862d80 Thread added: 0x0000018af6863410
Event: 514.817 Thread 0x0000018af6863410 Thread exited: 0x0000018af6863410
Event: 514.817 Thread 0x0000018af6862d80 Thread added: 0x0000018af6863410
Event: 514.833 Thread 0x0000018aac594ec0 Thread added: 0x0000018af86a2270
Event: 514.958 Thread 0x0000018af6863410 Thread added: 0x0000018af6861340
Event: 515.023 Thread 0x0000018af6861340 Thread exited: 0x0000018af6861340
Event: 516.063 Thread 0x0000018af6863410 Thread added: 0x0000018af6864e50
Event: 516.063 Thread 0x0000018af6863410 Thread added: 0x0000018af6864130
Event: 516.063 Thread 0x0000018af6863410 Thread added: 0x0000018af68647c0
Event: 516.291 Thread 0x0000018af27c69a0 Thread exited: 0x0000018af27c69a0
Event: 516.585 Thread 0x0000018af6863410 Thread added: 0x0000018af6861340
Event: 516.992 Thread 0x0000018af86a2270 Thread exited: 0x0000018af86a2270
Event: 518.975 Thread 0x0000018aac594800 Thread added: 0x0000018af5b12430
Event: 519.455 Thread 0x0000018af5b12430 Thread exited: 0x0000018af5b12430
Event: 519.616 Thread 0x0000018af6863410 Thread added: 0x0000018af6860cb0
Event: 519.719 Thread 0x0000018af6860cb0 Thread added: 0x0000018af68654e0
Event: 519.768 Thread 0x0000018aac594ec0 Thread added: 0x0000018af5b16f20
Event: 520.055 Thread 0x0000018af5b16f20 Thread exited: 0x0000018af5b16f20


Dynamic libraries:
0x00007ff68cf20000 - 0x00007ff68cf2e000 	C:\Users\Abel\.p2\pool\plugins\org.eclipse.justj.openjdk.hotspot.jre.full.win32.x86_64_23.0.2.v20250131-0604\jre\bin\javaw.exe
0x00007ff8ada10000 - 0x00007ff8adc08000 	C:\Windows\SYSTEM32\ntdll.dll
0x00007ff8ad490000 - 0x00007ff8ad552000 	C:\Windows\System32\KERNEL32.DLL
0x00007ff8ab250000 - 0x00007ff8ab54f000 	C:\Windows\System32\KERNELBASE.dll
0x00007ff8ab790000 - 0x00007ff8ab890000 	C:\Windows\System32\ucrtbase.dll
0x00007ff8a7a20000 - 0x00007ff8a7a37000 	C:\Users\Abel\.p2\pool\plugins\org.eclipse.justj.openjdk.hotspot.jre.full.win32.x86_64_23.0.2.v20250131-0604\jre\bin\jli.dll
0x00007ff89ad40000 - 0x00007ff89ad5e000 	C:\Users\Abel\.p2\pool\plugins\org.eclipse.justj.openjdk.hotspot.jre.full.win32.x86_64_23.0.2.v20250131-0604\jre\bin\VCRUNTIME140.dll
0x00007ff8ac2c0000 - 0x00007ff8ac45d000 	C:\Windows\System32\USER32.dll
0x00007ff892790000 - 0x00007ff892a2a000 	C:\Windows\WinSxS\amd64_microsoft.windows.common-controls_6595b64144ccf1df_6.0.19041.4355_none_60b8b9eb71f62e16\COMCTL32.dll
0x00007ff8ab760000 - 0x00007ff8ab782000 	C:\Windows\System32\win32u.dll
0x00007ff8ad9a0000 - 0x00007ff8ad9cb000 	C:\Windows\System32\GDI32.dll
0x00007ff8ac180000 - 0x00007ff8ac21e000 	C:\Windows\System32\msvcrt.dll
0x00007ff8ab8c0000 - 0x00007ff8ab9da000 	C:\Windows\System32\gdi32full.dll
0x00007ff8ab1b0000 - 0x00007ff8ab24d000 	C:\Windows\System32\msvcp_win.dll
0x00007ff8ac220000 - 0x00007ff8ac24f000 	C:\Windows\System32\IMM32.DLL
0x00007ff89d010000 - 0x00007ff89d01c000 	C:\Users\Abel\.p2\pool\plugins\org.eclipse.justj.openjdk.hotspot.jre.full.win32.x86_64_23.0.2.v20250131-0604\jre\bin\vcruntime140_1.dll
0x00007ff8898d0000 - 0x00007ff88995d000 	C:\Users\Abel\.p2\pool\plugins\org.eclipse.justj.openjdk.hotspot.jre.full.win32.x86_64_23.0.2.v20250131-0604\jre\bin\msvcp140.dll
0x00007ff876e20000 - 0x00007ff877bee000 	C:\Users\Abel\.p2\pool\plugins\org.eclipse.justj.openjdk.hotspot.jre.full.win32.x86_64_23.0.2.v20250131-0604\jre\bin\server\jvm.dll
0x00007ff8acbd0000 - 0x00007ff8acc7f000 	C:\Windows\System32\ADVAPI32.dll
0x00007ff8acce0000 - 0x00007ff8acd7f000 	C:\Windows\System32\sechost.dll
0x00007ff8ad560000 - 0x00007ff8ad683000 	C:\Windows\System32\RPCRT4.dll
0x00007ff8ab890000 - 0x00007ff8ab8b7000 	C:\Windows\System32\bcrypt.dll
0x00007ff8ad760000 - 0x00007ff8ad7cb000 	C:\Windows\System32\WS2_32.dll
0x00007ff8aab30000 - 0x00007ff8aab7b000 	C:\Windows\SYSTEM32\POWRPROF.dll
0x00007ff895100000 - 0x00007ff895127000 	C:\Windows\SYSTEM32\WINMM.dll
0x00007ff8a5480000 - 0x00007ff8a548a000 	C:\Windows\SYSTEM32\VERSION.dll
0x00007ff8aaaa0000 - 0x00007ff8aaab2000 	C:\Windows\SYSTEM32\UMPDC.dll
0x00007ff8a8f50000 - 0x00007ff8a8f62000 	C:\Windows\SYSTEM32\kernel.appcore.dll
0x00007ff8a8180000 - 0x00007ff8a818a000 	C:\Users\Abel\.p2\pool\plugins\org.eclipse.justj.openjdk.hotspot.jre.full.win32.x86_64_23.0.2.v20250131-0604\jre\bin\jimage.dll
0x00007ff88f530000 - 0x00007ff88f714000 	C:\Windows\SYSTEM32\DBGHELP.DLL
0x00007ff892b70000 - 0x00007ff892ba4000 	C:\Windows\SYSTEM32\dbgcore.DLL
0x00007ff8ab120000 - 0x00007ff8ab1a2000 	C:\Windows\System32\bcryptPrimitives.dll
0x00007ff88a3d0000 - 0x00007ff88a40c000 	C:\Users\Abel\.p2\pool\plugins\org.eclipse.justj.openjdk.hotspot.jre.full.win32.x86_64_23.0.2.v20250131-0604\jre\bin\jdwp.dll
0x00007ff8a7a40000 - 0x00007ff8a7a4f000 	C:\Users\Abel\.p2\pool\plugins\org.eclipse.justj.openjdk.hotspot.jre.full.win32.x86_64_23.0.2.v20250131-0604\jre\bin\instrument.dll
0x00007ff8a7a00000 - 0x00007ff8a7a1e000 	C:\Users\Abel\.p2\pool\plugins\org.eclipse.justj.openjdk.hotspot.jre.full.win32.x86_64_23.0.2.v20250131-0604\jre\bin\java.dll
0x00007ff8abee0000 - 0x00007ff8ac00b000 	C:\Windows\System32\ole32.dll
0x00007ff8abb10000 - 0x00007ff8abe65000 	C:\Windows\System32\combase.dll
0x00007ff8ac460000 - 0x00007ff8acbcd000 	C:\Windows\System32\SHELL32.dll
0x00007ff8a9150000 - 0x00007ff8a98f4000 	C:\Windows\SYSTEM32\windows.storage.dll
0x00007ff8aaa70000 - 0x00007ff8aaa9b000 	C:\Windows\SYSTEM32\Wldp.dll
0x00007ff8ad690000 - 0x00007ff8ad75d000 	C:\Windows\System32\OLEAUT32.dll
0x00007ff8ad8f0000 - 0x00007ff8ad99d000 	C:\Windows\System32\SHCORE.dll
0x00007ff8ac250000 - 0x00007ff8ac2a5000 	C:\Windows\System32\shlwapi.dll
0x00007ff8aafe0000 - 0x00007ff8ab005000 	C:\Windows\SYSTEM32\profapi.dll
0x00007ff8a79e0000 - 0x00007ff8a79f7000 	C:\Users\Abel\.p2\pool\plugins\org.eclipse.justj.openjdk.hotspot.jre.full.win32.x86_64_23.0.2.v20250131-0604\jre\bin\zip.dll
0x00007ff897680000 - 0x00007ff89768c000 	C:\Users\Abel\.p2\pool\plugins\org.eclipse.justj.openjdk.hotspot.jre.full.win32.x86_64_23.0.2.v20250131-0604\jre\bin\dt_socket.dll
0x00007ff8aa4b0000 - 0x00007ff8aa4eb000 	C:\Windows\SYSTEM32\IPHLPAPI.DLL
0x00007ff8aa7d0000 - 0x00007ff8aa83c000 	C:\Windows\system32\mswsock.dll
0x00007ff8aa4f0000 - 0x00007ff8aa5ba000 	C:\Windows\SYSTEM32\DNSAPI.dll
0x00007ff8abe70000 - 0x00007ff8abe78000 	C:\Windows\System32\NSI.dll
0x00007ff89e3e0000 - 0x00007ff89e3ea000 	C:\Windows\System32\rasadhlp.dll
0x00007ff89e400000 - 0x00007ff89e480000 	C:\Windows\System32\fwpuclnt.dll
0x00007ff8a7820000 - 0x00007ff8a7830000 	C:\Users\Abel\.p2\pool\plugins\org.eclipse.justj.openjdk.hotspot.jre.full.win32.x86_64_23.0.2.v20250131-0604\jre\bin\net.dll
0x00007ff8a5fd0000 - 0x00007ff8a5fe6000 	C:\Users\Abel\.p2\pool\plugins\org.eclipse.justj.openjdk.hotspot.jre.full.win32.x86_64_23.0.2.v20250131-0604\jre\bin\nio.dll
0x00007ff8a7810000 - 0x00007ff8a7820000 	C:\Users\Abel\.p2\pool\plugins\org.eclipse.justj.openjdk.hotspot.jre.full.win32.x86_64_23.0.2.v20250131-0604\jre\bin\verify.dll
0x00007ff897670000 - 0x00007ff89767a000 	C:\Users\Abel\.p2\pool\plugins\org.eclipse.justj.openjdk.hotspot.jre.full.win32.x86_64_23.0.2.v20250131-0604\jre\bin\management.dll
0x00007ff896e90000 - 0x00007ff896e9b000 	C:\Users\Abel\.p2\pool\plugins\org.eclipse.justj.openjdk.hotspot.jre.full.win32.x86_64_23.0.2.v20250131-0604\jre\bin\management_ext.dll
0x00007ff8ac2b0000 - 0x00007ff8ac2b8000 	C:\Windows\System32\PSAPI.DLL
0x00007ff8a5fc0000 - 0x00007ff8a5fce000 	C:\Users\Abel\.p2\pool\plugins\org.eclipse.justj.openjdk.hotspot.jre.full.win32.x86_64_23.0.2.v20250131-0604\jre\bin\sunmscapi.dll
0x00007ff8ab550000 - 0x00007ff8ab6ac000 	C:\Windows\System32\CRYPT32.dll
0x00007ff8aab00000 - 0x00007ff8aab27000 	C:\Windows\SYSTEM32\ncrypt.dll
0x00007ff8aaac0000 - 0x00007ff8aaafb000 	C:\Windows\SYSTEM32\NTASN1.dll
0x00007ff8aa9d0000 - 0x00007ff8aa9e8000 	C:\Windows\SYSTEM32\CRYPTSP.dll
0x00007ff8aa090000 - 0x00007ff8aa0c8000 	C:\Windows\system32\rsaenh.dll
0x00007ff8aaf60000 - 0x00007ff8aaf8e000 	C:\Windows\SYSTEM32\USERENV.dll
0x00007ff8aa9c0000 - 0x00007ff8aa9cc000 	C:\Windows\SYSTEM32\CRYPTBASE.dll
0x00007ff89d170000 - 0x00007ff89d179000 	C:\Users\Abel\.p2\pool\plugins\org.eclipse.justj.openjdk.hotspot.jre.full.win32.x86_64_23.0.2.v20250131-0604\jre\bin\extnet.dll
0x00007ff8974a0000 - 0x00007ff8974a7000 	C:\Windows\system32\wshunix.dll

dbghelp: loaded successfully - version: 4.0.5 - missing functions: none
symbol engine: initialized successfully - sym options: 0x614 - pdb path: .;C:\Users\Abel\.p2\pool\plugins\org.eclipse.justj.openjdk.hotspot.jre.full.win32.x86_64_23.0.2.v20250131-0604\jre\bin;C:\Windows\SYSTEM32;C:\Windows\WinSxS\amd64_microsoft.windows.common-controls_6595b64144ccf1df_6.0.19041.4355_none_60b8b9eb71f62e16;C:\Users\Abel\.p2\pool\plugins\org.eclipse.justj.openjdk.hotspot.jre.full.win32.x86_64_23.0.2.v20250131-0604\jre\bin\server

VM Arguments:
jvm_args: -XX:+ShowCodeDetailsInExceptionMessages -agentlib:jdwp=transport=dt_socket,suspend=y,address=localhost:52167 -javaagent:C:\Users\Abel\eclipse\jee-2024-12\eclipse\configuration\org.eclipse.osgi\444\0\.cp\lib\javaagent-shaded.jar -Dfile.encoding=UTF-8 -Dstdout.encoding=UTF-8 -Dstderr.encoding=UTF-8 
java_command: com.example.myPorra.MyPorraApplication
java_class_path (initial): C:\Desarrollo\workspace\MyPorra\myPorra\target\classes;C:\Users\Abel\.m2\repository\org\springframework\boot\spring-boot-starter-actuator\3.4.2\spring-boot-starter-actuator-3.4.2.jar;C:\Users\Abel\.m2\repository\org\springframework\boot\spring-boot-starter\3.4.2\spring-boot-starter-3.4.2.jar;C:\Users\Abel\.m2\repository\org\springframework\boot\spring-boot-starter-logging\3.4.2\spring-boot-starter-logging-3.4.2.jar;C:\Users\Abel\.m2\repository\ch\qos\logback\logback-classic\1.5.16\logback-classic-1.5.16.jar;C:\Users\Abel\.m2\repository\ch\qos\logback\logback-core\1.5.16\logback-core-1.5.16.jar;C:\Users\Abel\.m2\repository\org\apache\logging\log4j\log4j-to-slf4j\2.24.3\log4j-to-slf4j-2.24.3.jar;C:\Users\Abel\.m2\repository\org\apache\logging\log4j\log4j-api\2.24.3\log4j-api-2.24.3.jar;C:\Users\Abel\.m2\repository\org\slf4j\jul-to-slf4j\2.0.16\jul-to-slf4j-2.0.16.jar;C:\Users\Abel\.m2\repository\jakarta\annotation\jakarta.annotation-api\2.1.1\jakarta.annotation-api-2.1.1.jar;C:\Users\Abel\.m2\repository\org\yaml\snakeyaml\2.3\snakeyaml-2.3.jar;C:\Users\Abel\.m2\repository\org\springframework\boot\spring-boot-actuator-autoconfigure\3.4.2\spring-boot-actuator-autoconfigure-3.4.2.jar;C:\Users\Abel\.m2\repository\org\springframework\boot\spring-boot-actuator\3.4.2\spring-boot-actuator-3.4.2.jar;C:\Users\Abel\.m2\repository\com\fasterxml\jackson\core\jackson-databind\2.18.2\jackson-databind-2.18.2.jar;C:\Users\Abel\.m2\repository\com\fasterxml\jackson\core\jackson-annotations\2.18.2\jackson-annotations-2.18.2.jar;C:\Users\Abel\.m2\repository\com\fasterxml\jackson\core\jackson-core\2.18.2\jackson-core-2.18.2.jar;C:\Users\Abel\.m2\repository\com\fasterxml\jackson\datatype\jackson-datatype-jsr310\2.18.2\jackson-datatype-jsr310-2.18.2.jar;C:\Users\Abel\.m2\repository\io\micrometer\micrometer-observation\1.14.3\micrometer-observation-1.14.3.jar;C:\Users\Abel\.m2\repository\io\micrometer\micrometer-commons\1.14.3\micrometer-commons-1.14.3.jar;C:\Users\Abel\.m2\repository\io\micrometer\micrometer-jakarta9\1.14.3\micrometer-jakarta9-1.14.3.jar;C:\Users\Abel\.m2\repository\io\micrometer\micrometer-core\1.14.3\micrometer-core-1.14.3.jar;C:\Users\Abel\.m2\repository\org\hdrhistogram\HdrHistogram\2.2.2\HdrHistogram-2.2.2.jar;C:\Users\Abel\.m2\repository\org\latencyutils\LatencyUtils\2.0.3\LatencyUtils-2.0.3.jar;C:\Users\Abel\.m2\repository\org\postgresql\postgresql\42.7.5\postgresql-42.7.5.jar;C:\Users\Abel\.m2\repository\org\checkerframework\checker-qual\3.48.3\checker-qual-3.48.3.jar;C:\Users\Abel\.m2\repository\org\projectlombok\lombok\1.18.36\lombok-1.18.36.jar;C:\Users\Abel\.m2\repository\org\projectlombok\lombok-mapstruct-binding\0.2.0\lombok-mapstruct-binding-0.2.0.jar;C:\Users\Abel\.m2\repository\org\springframework\boot\spring-boot-starter-data-jpa\3.4.2\spring-boot-starter-data-jpa-3.4.2.jar;C:\Users\Abel\.m2\repository\org\springframework\boot\spring-boot-starter-jdbc\3.4.2\spring-boot-starter-jdbc-3.4.2.jar;C:\Users\Abel\.m2\repository\com\zaxxer\HikariCP\5.1.0\HikariCP-5.1.0.jar;C:\Users\Abel\.m2\repository\org\springframework\spring-jdbc\6.2.2\spring-jdbc-6.2.2.jar;C:\Users\Abel\.m2\repository\org\hibernate\orm\hibernate-core\6.6.5.Final\hibernate-core-6.6.5.Final.jar;C:\Users\Abel\.m2\repository\jakarta\persistence\jakarta.persistence-api\3.1.0\jakarta.persistence-api-3.1.0.jar;C:\Users\Abel\.m2\repository\jakarta\transaction\jakarta.transaction-api\2.0.1\jakarta.transaction-api-2.0.1.jar;C:\Users\Abel\.m2\repository\org\jboss\logging\jboss-logging\3.6.1.Final\jboss-logging-3.6.1.Final.jar;C:\Users\Abel\.m2\repository\org\hibernate\common\hibernate-commons-annotations\7.0.3.Final\hibernate-commons-annotations-7.0.3.Final.jar;C:\Users\Abel\.m2\repository\io\smallrye\jandex\3.2.0\jandex-3.2.0.jar;C:\Users\Abel\.m2\repository\com\fasterxml\classmate\1.7.0\classmate-1.7.0.jar;C:\Users\Abel\.m2\repository\org\glassfish\jaxb\jaxb-runtime\4.0.5\jaxb-runtime-4.0.5.jar;C:\Users\Abel\.m2\repository\org\glassfish\jaxb\jaxb-core\4.0.5\jaxb-core-4.0.5.jar;C:\Users\Abel\.m2\repository\org\eclipse\angus\angus-activation\2.0.2\angus-activation-2.0.2.jar;C:\Users\Abel\.m2\repository\org\glassfish\jaxb\txw2\4.0.5\txw2-4.0.5.jar;C:\Users\Abel\.m2\repository\com\sun\istack\istack-commons-runtime\4.1.2\istack-commons-runtime-4.1.2.jar;C:\Users\Abel\.m2\repository\jakarta\inject\jakarta.inject-api\2.0.1\jakarta.inject-api-2.0.1.jar;C:\Users\Abel\.m2\repository\org\antlr\antlr4-runtime\4.13.0\antlr4-runtime-4.13.0.jar;C:\Users\Abel\.m2\repository\org\springframework\data\spring-data-jpa\3.4.2\spring-data-jpa-3.4.2.jar;C:\Users\Abel\.m2\repository\org\springframework\data\spring-data-commons\3.4.2\spring-data-commons-3.4.2.jar;C:\Users\Abel\.m2\repository\org\springframework\spring-orm\6.2.2\spring-orm-6.2.2.jar;C:\Users\Abel\.m2\repository\org\springframework\spring-context\6.2.2\spring-context-6.2.2.jar;C:\Users\Abel\.m2\repository\org\springframework\spring-aop\6.2.2\spring-aop-6.2.2.jar;C:\Users\Abel\.m2\repository\org\springframework\spring-tx\6.2.2\spring-tx-6.2.2.jar;C:\Users\Abel\.m2\repository\org\springframework\spring-beans\6.2.2\spring-beans-6.2.2.jar;C:\Users\Abel\.m2\repository\org\slf4j\slf4j-api\2.0.16\slf4j-api-2.0.16.jar;C:\Users\Abel\.m2\repository\org\springframework\spring-aspects\6.2.2\spring-aspects-6.2.2.jar;C:\Users\Abel\.m2\repository\org\aspectj\aspectjweaver\1.9.22.1\aspectjweaver-1.9.22.1.jar;C:\Users\Abel\.m2\repository\org\springframework\boot\spring-boot-starter-web\3.4.2\spring-boot-starter-web-3.4.2.jar;C:\Users\Abel\.m2\repository\org\springframework\boot\spring-boot-starter-json\3.4.2\spring-boot-starter-json-3.4.2.jar;C:\Users\Abel\.m2\repository\com\fasterxml\jackson\datatype\jackson-datatype-jdk8\2.18.2\jackson-datatype-jdk8-2.18.2.jar;C:\Users\Abel\.m2\repository\com\fasterxml\jackson\module\jackson-module-parameter-names\2.18.2\jackson-module-parameter-names-2.18.2.jar;C:\Users\Abel\.m2\repository\org\springframework\boot\spring-boot-starter-tomcat\3.4.2\spring-boot-starter-tomcat-3.4.2.jar;C:\Users\Abel\.m2\repository\org\apache\tomcat\embed\tomcat-embed-core\10.1.34\tomcat-embed-core-10.1.34.jar;C:\Users\Abel\.m2\repository\org\apache\tomcat\embed\tomcat-embed-el\10.1.34\tomcat-embed-el-10.1.34.jar;C:\Users\Abel\.m2\repository\org\apache\tomcat\embed\tomcat-embed-websocket\10.1.34\tomcat-embed-websocket-10.1.34.jar;C:\Users\Abel\.m2\repository\org\springframework\spring-web\6.2.2\spring-web-6.2.2.jar;C:\Users\Abel\.m2\repository\org\springframework\spring-webmvc\6.2.2\spring-webmvc-6.2.2.jar;C:\Users\Abel\.m2\repository\org\springframework\spring-expression\6.2.2\spring-expression-6.2.2.jar;C:\Users\Abel\.m2\repository\jakarta\xml\bind\jakarta.xml.bind-api\4.0.2\jakarta.xml.bind-api-4.0.2.jar;C:\Users\Abel\.m2\repository\jakarta\activation\jakarta.activation-api\2.1.3\jakarta.activation-api-2.1.3.jar;C:\Users\Abel\.m2\repository\org\springframework\spring-core\6.2.2\spring-core-6.2.2.jar;C:\Users\Abel\.m2\repository\org\springframework\spring-jcl\6.2.2\spring-jcl-6.2.2.jar;C:\Users\Abel\.m2\repository\net\bytebuddy\byte-buddy\1.15.11\byte-buddy-1.15.11.jar;C:\Users\Abel\.m2\repository\org\mapstruct\mapstruct\1.5.5.Final\mapstruct-1.5.5.Final.jar;C:\Users\Abel\.m2\repository\org\mapstruct\mapstruct-processor\1.5.5.Final\mapstruct-processor-1.5.5.Final.jar;C:\Users\Abel\.m2\repository\org\flywaydb\flyway-database-postgresql\10.20.1\flyway-database-postgresql-10.20.1.jar;C:\Users\Abel\.m2\repository\org\flywaydb\flyway-core\10.20.1\flyway-core-10.20.1.jar;C:\Users\Abel\.m2\repository\com\fasterxml\jackson\dataformat\jackson-dataformat-toml\2.18.2\jackson-dataformat-toml-2.18.2.jar;C:\Users\Abel\.m2\repository\org\springframework\boot\spring-boot-devtools\3.4.2\spring-boot-devtools-3.4.2.jar;C:\Users\Abel\.m2\repository\org\springframework\boot\spring-boot\3.4.2\spring-boot-3.4.2.jar;C:\Users\Abel\.m2\repository\org\springframework\boot\spring-boot-autoconfigure\3.4.2\spring-boot-autoconfigure-3.4.2.jar;C:\Users\Abel\.m2\repository\org\springdoc\springdoc-openapi-starter-webmvc-ui\2.3.0\springdoc-openapi-starter-webmvc-ui-2.3.0.jar;C:\Users\Abel\.m2\repository\org\springdoc\springdoc-openapi-starter-webmvc-api\2.3.0\springdoc-openapi-starter-webmvc-api-2.3.0.jar;C:\Users\Abel\.m2\repository\org\springdoc\springdoc-openapi-starter-common\2.3.0\springdoc-openapi-starter-common-2.3.0.jar;C:\Users\Abel\.m2\repository\io\swagger\core\v3\swagger-core-jakarta\2.2.19\swagger-core-jakarta-2.2.19.jar;C:\Users\Abel\.m2\repository\org\apache\commons\commons-lang3\3.17.0\commons-lang3-3.17.0.jar;C:\Users\Abel\.m2\repository\io\swagger\core\v3\swagger-annotations-jakarta\2.2.19\swagger-annotations-jakarta-2.2.19.jar;C:\Users\Abel\.m2\repository\io\swagger\core\v3\swagger-models-jakarta\2.2.19\swagger-models-jakarta-2.2.19.jar;C:\Users\Abel\.m2\repository\jakarta\validation\jakarta.validation-api\3.0.2\jakarta.validation-api-3.0.2.jar;C:\Users\Abel\.m2\repository\com\fasterxml\jackson\dataformat\jackson-dataformat-yaml\2.18.2\jackson-dataformat-yaml-2.18.2.jar;C:\Users\Abel\.m2\repository\org\webjars\swagger-ui\5.10.3\swagger-ui-5.10.3.jar
Launcher Type: SUN_STANDARD

[Global flags]
     intx CICompilerCount                          = 3                                         {product} {ergonomic}
     uint ConcGCThreads                            = 2                                         {product} {ergonomic}
     uint G1ConcRefinementThreads                  = 6                                         {product} {ergonomic}
   size_t G1HeapRegionSize                         = 1048576                                   {product} {ergonomic}
   size_t InitialHeapSize                          = 132120576                                 {product} {ergonomic}
   size_t MarkStackSize                            = 4194304                                   {product} {ergonomic}
   size_t MarkStackSizeMax                         = 536870912                                 {product} {ergonomic}
   size_t MaxHeapSize                              = 2105540608                                {product} {ergonomic}
   size_t MaxNewSize                               = 1262485504                                {product} {ergonomic}
   size_t MinHeapDeltaBytes                        = 1048576                                   {product} {ergonomic}
   size_t MinHeapSize                              = 8388608                                   {product} {ergonomic}
    uintx NonNMethodCodeHeapSize                   = 5832704                                {pd product} {ergonomic}
    uintx NonProfiledCodeHeapSize                  = 122945536                              {pd product} {ergonomic}
    uintx ProfiledCodeHeapSize                     = 122880000                              {pd product} {ergonomic}
    uintx ReservedCodeCacheSize                    = 251658240                              {pd product} {ergonomic}
     bool SegmentedCodeCache                       = true                                      {product} {ergonomic}
     bool ShowCodeDetailsInExceptionMessages       = true                                   {manageable} {command line}
   size_t SoftMaxHeapSize                          = 2105540608                             {manageable} {ergonomic}
     bool UseCompressedOops                        = true                           {product lp64_product} {ergonomic}
     bool UseG1GC                                  = true                                      {product} {ergonomic}
     bool UseLargePagesIndividualAllocation        = false                                  {pd product} {ergonomic}

Logging:
Log output configuration:
 #0: stdout all=warning uptime,level,tags foldmultilines=false
 #1: stderr all=off uptime,level,tags foldmultilines=false

Environment Variables:
PATH=C:\Users\Abel\.p2\pool\plugins\org.eclipse.justj.openjdk.hotspot.jre.full.win32.x86_64_23.0.2.v20250131-0604\jre\bin;C:/Users/Abel/.p2/pool/plugins/org.eclipse.justj.openjdk.hotspot.jre.full.win32.x86_64_23.0.2.v20250131-0604/jre/bin/server;C:/Users/Abel/.p2/pool/plugins/org.eclipse.justj.openjdk.hotspot.jre.full.win32.x86_64_23.0.2.v20250131-0604/jre/bin;C:\Python313\Scripts\;C:\Python313\;C:\Program Files\Eclipse Adoptium\jdk-21.0.6.7-hotspot\bin;C:\Windows\system32;C:\Windows;C:\Windows\System32\Wbem;C:\Windows\System32\WindowsPowerShell\v1.0\;C:\Windows\System32\OpenSSH\;C:\Program Files\Git\cmd;C:\Desarrollo\apache-maven-3.9.9\bin;C:\Program Files\nodejs\;C:\ProgramData\chocolatey\bin;C:\Users\Abel\AppData\Local\Microsoft\WindowsApps;C:\Users\Abel\AppData\Roaming\npm;C:\Users\Abel\AppData\Local\Programs\Microsoft VS Code\bin;C:\Users\Abel\Desktop;
USERNAME=Abel
OS=Windows_NT
PROCESSOR_IDENTIFIER=Intel64 Family 6 Model 158 Stepping 10, GenuineIntel
TMP=C:\Users\Abel\AppData\Local\Temp
TEMP=C:\Users\Abel\AppData\Local\Temp




Periodic native trim disabled

---------------  S Y S T E M  ---------------

OS:
 Windows 10 , 64 bit Build 19041 (10.0.19041.5438)
OS uptime: 0 days 2:19 hours

CPU: total 6 (initial active 6) (6 cores per cpu, 1 threads per core) family 6 model 158 stepping 10 microcode 0xb4, cx8, cmov, fxsr, mmx, 3dnowpref, sse, sse2, sse3, ssse3, sse4.1, sse4.2, popcnt, lzcnt, tsc, tscinvbit, avx, avx2, aes, erms, clmul, bmi1, bmi2, rtm, adx, fma, vzeroupper, clflush, clflushopt, rdtscp, f16c
Processor Information for the first 6 processors :
  Max Mhz: 2112, Current Mhz: 2112, Mhz Limit: 2112

Memory: 4k page, system-wide physical 8027M (782M free)
TotalPageFile size 12635M (AvailPageFile size 3079M)
current process WorkingSet (physical memory assigned to process): 334M, peak: 380M
current process commit charge ("private bytes"): 372M, peak: 405M

vm_info: OpenJDK 64-Bit Server VM (23.0.2+7) for windows-amd64 JRE (23.0.2+7), built on 2025-01-21T00:00:00Z with MS VC++ 17.7 (VS2022)

END.
